Archive member included to satisfy reference by file (symbol)

app/libapp.a(main.c.obj)      (--whole-archive)
zephyr/libzephyr.a(heap.c.obj)
                              (--whole-archive)
zephyr/libzephyr.a(cbprintf_packaged.c.obj)
                              (--whole-archive)
zephyr/libzephyr.a(printk.c.obj)
                              (--whole-archive)
zephyr/libzephyr.a(sem.c.obj)
                              (--whole-archive)
zephyr/libzephyr.a(thread_entry.c.obj)
                              (--whole-archive)
zephyr/libzephyr.a(cbprintf_complete.c.obj)
                              (--whole-archive)
zephyr/libzephyr.a(assert.c.obj)
                              (--whole-archive)
zephyr/libzephyr.a(dec.c.obj)
                              (--whole-archive)
zephyr/libzephyr.a(hex.c.obj)
                              (--whole-archive)
zephyr/libzephyr.a(rb.c.obj)  (--whole-archive)
zephyr/libzephyr.a(timeutil.c.obj)
                              (--whole-archive)
zephyr/libzephyr.a(bitarray.c.obj)
                              (--whole-archive)
zephyr/libzephyr.a(ring_buffer.c.obj)
                              (--whole-archive)
zephyr/libzephyr.a(configs.c.obj)
                              (--whole-archive)
zephyr/libzephyr.a(soc.c.obj)
                              (--whole-archive)
zephyr/libzephyr.a(thread_info.c.obj)
                              (--whole-archive)
zephyr/libzephyr.a(tracing_none.c.obj)
                              (--whole-archive)
zephyr/libzephyr.a(kernel_service.c.obj)
                              (--whole-archive)
zephyr/libzephyr.a(device_service.c.obj)
                              (--whole-archive)
zephyr/libzephyr.a(devmem_service.c.obj)
                              (--whole-archive)
zephyr/libzephyr.a(shell_uart.c.obj)
                              (--whole-archive)
zephyr/libzephyr.a(shell.c.obj)
                              (--whole-archive)
zephyr/libzephyr.a(shell_fprintf.c.obj)
                              (--whole-archive)
zephyr/libzephyr.a(shell_utils.c.obj)
                              (--whole-archive)
zephyr/libzephyr.a(shell_ops.c.obj)
                              (--whole-archive)
zephyr/libzephyr.a(shell_help.c.obj)
                              (--whole-archive)
zephyr/libzephyr.a(shell_cmds.c.obj)
                              (--whole-archive)
zephyr/libzephyr.a(shell_history.c.obj)
                              (--whole-archive)
zephyr/libzephyr.a(shell_wildcard.c.obj)
                              (--whole-archive)
zephyr/arch/common/libarch__common.a(sw_isr_common.c.obj)
                              (--whole-archive)
zephyr/arch/common/libarch__common.a(dynamic_isr.c.obj)
                              (--whole-archive)
zephyr/arch/arch/arm/core/libarch__arm__core.a(fatal.c.obj)
                              (--whole-archive)
zephyr/arch/arch/arm/core/libarch__arm__core.a(nmi.c.obj)
                              (--whole-archive)
zephyr/arch/arch/arm/core/libarch__arm__core.a(nmi_on_reset.S.obj)
                              (--whole-archive)
zephyr/arch/arch/arm/core/libarch__arm__core.a(tls.c.obj)
                              (--whole-archive)
zephyr/arch/arch/arm/core/cortex_m/libarch__arm__core__cortex_m.a(exc_exit.c.obj)
                              (--whole-archive)
zephyr/arch/arch/arm/core/cortex_m/libarch__arm__core__cortex_m.a(fault.c.obj)
                              (--whole-archive)
zephyr/arch/arch/arm/core/cortex_m/libarch__arm__core__cortex_m.a(fault_s.S.obj)
                              (--whole-archive)
zephyr/arch/arch/arm/core/cortex_m/libarch__arm__core__cortex_m.a(fpu.c.obj)
                              (--whole-archive)
zephyr/arch/arch/arm/core/cortex_m/libarch__arm__core__cortex_m.a(reset.S.obj)
                              (--whole-archive)
zephyr/arch/arch/arm/core/cortex_m/libarch__arm__core__cortex_m.a(scb.c.obj)
                              (--whole-archive)
zephyr/arch/arch/arm/core/cortex_m/libarch__arm__core__cortex_m.a(thread_abort.c.obj)
                              (--whole-archive)
zephyr/arch/arch/arm/core/cortex_m/libarch__arm__core__cortex_m.a(vector_table.S.obj)
                              (--whole-archive)
zephyr/arch/arch/arm/core/cortex_m/libarch__arm__core__cortex_m.a(swap.c.obj)
                              (--whole-archive)
zephyr/arch/arch/arm/core/cortex_m/libarch__arm__core__cortex_m.a(swap_helper.S.obj)
                              (--whole-archive)
zephyr/arch/arch/arm/core/cortex_m/libarch__arm__core__cortex_m.a(irq_manage.c.obj)
                              (--whole-archive)
zephyr/arch/arch/arm/core/cortex_m/libarch__arm__core__cortex_m.a(prep_c.c.obj)
                              (--whole-archive)
zephyr/arch/arch/arm/core/cortex_m/libarch__arm__core__cortex_m.a(thread.c.obj)
                              (--whole-archive)
zephyr/arch/arch/arm/core/cortex_m/libarch__arm__core__cortex_m.a(cpu_idle.c.obj)
                              (--whole-archive)
[...]
Memory Configuration

Name             Origin             Length             Attributes
FLASH            0x0000000000004000 0x000000000003c000 xr
RAM              0x0000000020000000 0x0000000000008000 xw
IDT_LIST         0x00000000ffff7fff 0x0000000000008000 xw
*default*        0x0000000000000000 0xffffffffffffffff

Linker script and memory map

                0x0000000000008e48                vfprintf = __l_vfprintf
                0x0000000000000000                vfscanf = __l_vfscanf
LOAD zephyr/CMakeFiles/zephyr_pre0.dir/misc/empty_file.c.obj
LOAD zephyr/CMakeFiles/offsets.dir/./arch/arm/core/offsets/offsets.c.obj
LOAD app/libapp.a
LOAD zephyr/libzephyr.a
LOAD zephyr/arch/common/libarch__common.a
LOAD zephyr/arch/arch/arm/core/libarch__arm__core.a
LOAD zephyr/arch/arch/arm/core/cortex_m/libarch__arm__core__cortex_m.a
LOAD zephyr/lib/libc/picolibc/liblib__libc__picolibc.a
LOAD zephyr/lib/libc/common/liblib__libc__common.a
LOAD zephyr/lib/posix/options/liblib__posix__options.a
LOAD zephyr/drivers/interrupt_controller/libdrivers__interrupt_controller.a
LOAD zephyr/drivers/adc/libdrivers__adc.a
LOAD zephyr/drivers/clock_control/libdrivers__clock_control.a
LOAD zephyr/drivers/console/libdrivers__console.a
LOAD zephyr/drivers/gpio/libdrivers__gpio.a
LOAD zephyr/drivers/pinctrl/libdrivers__pinctrl.a
LOAD zephyr/drivers/serial/libdrivers__serial.a
LOAD zephyr/drivers/timer/libdrivers__timer.a
LOAD zephyr/kernel/libkernel.a
LOAD /home/elotro/zephyr-sdk-0.16.8/arm-zephyr-eabi/bin/../lib/gcc/arm-zephyr-eabi/12.2.0/thumb/v7e-m/nofp/libgcc.a
LOAD zephyr/arch/common/libisr_tables.a
LOAD /home/elotro/zephyr-sdk-0.16.8/arm-zephyr-eabi/bin/../lib/gcc/../../picolibc/arm-zephyr-eabi/lib/thumb/v7e-m/nofp/libc.a
LOAD /home/elotro/zephyr-sdk-0.16.8/arm-zephyr-eabi/bin/../lib/gcc/arm-zephyr-eabi/12.2.0/thumb/v7e-m/nofp/libgcc.a
                0x0000000000000004                _region_min_align = 0x4

.rel.plt        0x0000000000004000        0x0
 *(SORT_BY_ALIGNMENT(.rel.plt))
                [!provide]                        PROVIDE (__rel_iplt_start = .)
 *(SORT_BY_ALIGNMENT(.rel.iplt))
 .rel.iplt      0x0000000000004000        0x0 app/libapp.a(main.c.obj)
                [!provide]                        PROVIDE (__rel_iplt_end = .)

.rela.plt       0x0000000000000000        0x0
 *(SORT_BY_ALIGNMENT(.rela.plt))
                [!provide]                        PROVIDE (__rela_iplt_start = .)
 *(SORT_BY_ALIGNMENT(.rela.iplt))
                [!provide]                        PROVIDE (__rela_iplt_end = .)

.rel.dyn
 *(SORT_BY_ALIGNMENT(.rel.*))

.rela.dyn
 *(SORT_BY_ALIGNMENT(.rela.*))

/DISCARD/
 *(SORT_BY_ALIGNMENT(.plt))

/DISCARD/
 *(SORT_BY_ALIGNMENT(.iplt))
                0x0000000000004000                __rom_region_start = 0x4000

rom_start       0x0000000000004000      0x500
                0x0000000000004000                __rom_start_address = .
 FILL mask 0x00
                0x0000000000004000                . = (. + (0x0 - (. - __rom_start_address)))
                0x0000000000004000                . = ALIGN (0x4)
                0x0000000000004000                . = ALIGN (0x80)
                0x0000000000004000                . = ALIGN (0x100)
                0x0000000000004000                _vector_start = .
 *(SORT_BY_ALIGNMENT(.exc_vector_table))
 *(SORT_BY_ALIGNMENT(.exc_vector_table.*))
 .exc_vector_table._vector_table_section
                0x0000000000004000       0x40 zephyr/arch/arch/arm/core/cortex_m/libarch__arm__core__cortex_m.a(vector_table.S.obj)
                0x0000000000004000                _vector_table
 *(SORT_BY_ALIGNMENT(.vectors))
                0x00000000000040c0                _vector_end = .
                0x0000000000004040                . = ALIGN (0x4)
 *(SORT_BY_ALIGNMENT(.gnu.linkonce.irq_vector_table*))
 .gnu.linkonce.irq_vector_table
                0x0000000000004040       0x80 zephyr/arch/common/libisr_tables.a(isr_tables.c.obj)
                0x0000000000004040                _irq_vector_table
                0x00000000000040c0                _vector_end = .
                0x0000000000000400                . = 0x400
 *fill*         0x00000000000040c0      0x340 00
 FILL mask 0xff
 *(SORT_BY_ALIGNMENT(.opt_set_mem*))
 .opt_set_mem   0x0000000000004400       0x3c zephyr/libzephyr.a(soc.c.obj)
                0x0000000000004400                ops
                0x0000000000000500                . = 0x500
 *fill*         0x000000000000443c       0xc4 ff

text            0x0000000000004500     0x734c
                0x0000000000004500                __text_region_start = .
 *(SORT_BY_ALIGNMENT(.text))
 .text          0x0000000000004500       0xa0 /home/elotro/zephyr-sdk-0.16.8/arm-zephyr-eabi/bin/../lib/gcc/arm-zephyr-eabi/12.2.0/thumb/v7e-m/nofp/libgcc.a(_aeabi_ldivmod.o)
                0x0000000000004500                __aeabi_ldivmod
 .text          0x00000000000045a0       0x30 /home/elotro/zephyr-sdk-0.16.8/arm-zephyr-eabi/bin/../lib/gcc/arm-zephyr-eabi/12.2.0/thumb/v7e-m/nofp/libgcc.a(_aeabi_uldivmod.o)
                0x00000000000045a0                __aeabi_uldivmod
 .text          0x00000000000045d0        0x4 /home/elotro/zephyr-sdk-0.16.8/arm-zephyr-eabi/bin/../lib/gcc/arm-zephyr-eabi/12.2.0/thumb/v7e-m/nofp/libgcc.a(_dvmd_tls.o)
                0x00000000000045d0                __aeabi_ldiv0
                0x00000000000045d0                __aeabi_idiv0
 .text          0x00000000000045d4      0x2a0 /home/elotro/zephyr-sdk-0.16.8/arm-zephyr-eabi/bin/../lib/gcc/arm-zephyr-eabi/12.2.0/thumb/v7e-m/nofp/libgcc.a(_udivmoddi4.o)
                0x00000000000045d4                __udivmoddi4
 .text          0x0000000000004874       0x14 /home/elotro/zephyr-sdk-0.16.8/arm-zephyr-eabi/bin/../lib/gcc/../../picolibc/arm-zephyr-eabi/lib/thumb/v7e-m/nofp/libc.a(strcmp.S.o)
                0x0000000000004874                strcmp
 .text          0x0000000000004888       0x10 /home/elotro/zephyr-sdk-0.16.8/arm-zephyr-eabi/bin/../lib/gcc/../../picolibc/arm-zephyr-eabi/lib/thumb/v7e-m/nofp/libc.a(strcpy.S.o)
                0x0000000000004888                strcpy
 .text          0x0000000000004898       0x10 /home/elotro/zephyr-sdk-0.16.8/arm-zephyr-eabi/bin/../lib/gcc/../../picolibc/arm-zephyr-eabi/lib/thumb/v7e-m/nofp/libc.a(strlen.S.o)
                0x0000000000004898                strlen
 *(SORT_BY_ALIGNMENT(.text.*))
 .text.cmd_kernel_uptime
                0x00000000000048a8       0xe0 zephyr/libzephyr.a(kernel_service.c.obj)
 .text.main     0x0000000000004988       0x70 app/libapp.a(main.c.obj)
                0x0000000000004988                main
 .text.char_out
                0x00000000000049f8        0xc zephyr/libzephyr.a(printk.c.obj)
 .text.__printk_hook_install
                0x0000000000004a04        0xc zephyr/libzephyr.a(printk.c.obj)
                0x0000000000004a04                __printk_hook_install
 .text.vprintk  0x0000000000004a10       0x30 zephyr/libzephyr.a(printk.c.obj)
                0x0000000000004a10                vprintk
 .text.z_thread_entry
                0x0000000000004a40       0x34 zephyr/libzephyr.a(thread_entry.c.obj)
                0x0000000000004a40                z_thread_entry
 .text.cmd_kernel_version
                0x0000000000004a74       0x18 zephyr/libzephyr.a(kernel_service.c.obj)
 .text.cmd_kernel_threads
                0x0000000000004a8c       0x34 zephyr/libzephyr.a(kernel_service.c.obj)
 .text.shell_tdata_dump
                0x0000000000004ac0       0xc0 zephyr/libzephyr.a(kernel_service.c.obj)
 .text.cmd_kernel_stacks
                0x0000000000004b80       0x70 zephyr/libzephyr.a(kernel_service.c.obj)
 .text.cmd_kernel_cycles
                0x0000000000004bf0       0x1c zephyr/libzephyr.a(kernel_service.c.obj)
 .text.cmd_kernel_sleep
                0x0000000000004c0c       0x40 zephyr/libzephyr.a(kernel_service.c.obj)
 .text.shell_stack_dump
                0x0000000000004c4c       0x60 zephyr/libzephyr.a(kernel_service.c.obj)
 .text.cmd_device_list
                0x0000000000004cac       0x8c zephyr/libzephyr.a(device_service.c.obj)
 .text.cmd_devmem
                0x0000000000004d38       0xcc zephyr/libzephyr.a(devmem_service.c.obj)
 .text.cmd_dump
                0x0000000000004e04      0x198 zephyr/libzephyr.a(devmem_service.c.obj)
 .text.set_bypass.isra.0
                0x0000000000004f9c       0x4c zephyr/libzephyr.a(devmem_service.c.obj)
 .text.bypass_cb
                0x0000000000004fe8      0x114 zephyr/libzephyr.a(devmem_service.c.obj)
 .text.cmd_load
                0x00000000000050fc       0xd8 zephyr/libzephyr.a(devmem_service.c.obj)
 .text.enable_shell_uart
                0x00000000000051d4       0x34 zephyr/libzephyr.a(shell_uart.c.obj)
 .text.init     0x0000000000005208       0x60 zephyr/libzephyr.a(shell_uart.c.obj)
 .text.shell_internal_help_print
                0x0000000000005268       0x20 zephyr/libzephyr.a(shell.c.obj)
 .text.kill_handler
                0x0000000000005288       0x50 zephyr/libzephyr.a(shell.c.obj)
 .text.z_cursor_next_line_move.isra.0
                0x00000000000052d8        0xc zephyr/libzephyr.a(shell.c.obj)
 .text.history_handle
                0x00000000000052e4       0xac zephyr/libzephyr.a(shell.c.obj)
 .text.execute  0x0000000000005390      0x2c8 zephyr/libzephyr.a(shell.c.obj)
 .text.state_set.constprop.0
                0x0000000000005658       0x4c zephyr/libzephyr.a(shell.c.obj)
 .text.shell_process
                0x00000000000056a4      0x6bc zephyr/libzephyr.a(shell.c.obj)
                0x00000000000056a4                shell_process
 .text.shell_start
                0x0000000000005d60       0x54 zephyr/libzephyr.a(shell.c.obj)
                0x0000000000005d60                shell_start
 .text.shell_thread
                0x0000000000005db4       0xc4 zephyr/libzephyr.a(shell.c.obj)
                0x0000000000005db4                shell_thread
 .text.cmd_help
                0x0000000000005e78       0x44 zephyr/libzephyr.a(shell.c.obj)
 .text.shell_hexdump_line
                0x0000000000005ebc       0xcc zephyr/libzephyr.a(shell.c.obj)
                0x0000000000005ebc                shell_hexdump_line
 .text.shell_init
                0x0000000000005f88       0xe8 zephyr/libzephyr.a(shell.c.obj)
                0x0000000000005f88                shell_init
 .text.z_shell_fprintf_fmt
                0x0000000000006070       0x28 zephyr/libzephyr.a(shell_fprintf.c.obj)
                0x0000000000006070                z_shell_fprintf_fmt
 .text.z_shell_cmd_get
                0x0000000000006098       0x74 zephyr/libzephyr.a(shell_utils.c.obj)
                0x0000000000006098                z_shell_cmd_get
 .text.shell_strtoul
                0x000000000000610c       0x54 zephyr/libzephyr.a(shell_utils.c.obj)
                0x000000000000610c                shell_strtoul
 .text.z_clear_eos
                0x0000000000006160       0x18 zephyr/libzephyr.a(shell_ops.c.obj)
 .text.z_cursor_next_line_move.isra.0
                0x0000000000006178        0xc zephyr/libzephyr.a(shell_ops.c.obj)
 .text.z_shell_op_cursor_vert_move
                0x0000000000006184       0x2c zephyr/libzephyr.a(shell_ops.c.obj)
                0x0000000000006184                z_shell_op_cursor_vert_move
 .text.z_shell_op_cursor_horiz_move
                0x00000000000061b0       0x2c zephyr/libzephyr.a(shell_ops.c.obj)
                0x00000000000061b0                z_shell_op_cursor_horiz_move
 .text.z_shell_print_cmd
                0x00000000000061dc       0x78 zephyr/libzephyr.a(shell_ops.c.obj)
                0x00000000000061dc                z_shell_print_cmd
 .text.z_shell_vt100_color_set
                0x0000000000006254       0x40 zephyr/libzephyr.a(shell_ops.c.obj)
                0x0000000000006254                z_shell_vt100_color_set
 .text.z_shell_vt100_colors_restore
                0x0000000000006294       0x3c zephyr/libzephyr.a(shell_ops.c.obj)
                0x0000000000006294                z_shell_vt100_colors_restore
 .text.z_shell_op_word_remove
                0x00000000000062d0       0xc8 zephyr/libzephyr.a(shell_ops.c.obj)
                0x00000000000062d0                z_shell_op_word_remove
 .text.reprint_from_cursor
                0x0000000000006398       0x7c zephyr/libzephyr.a(shell_ops.c.obj)
 .text.z_shell_op_char_insert
                0x0000000000006414       0x70 zephyr/libzephyr.a(shell_ops.c.obj)
                0x0000000000006414                z_shell_op_char_insert
 .text.z_shell_print_prompt_and_cmd
                0x0000000000006484       0x30 zephyr/libzephyr.a(shell_ops.c.obj)
                0x0000000000006484                z_shell_print_prompt_and_cmd
 .text.z_cursor_next_line_move.isra.0
                0x00000000000064b4        0xc zephyr/libzephyr.a(shell_help.c.obj)
 .text.z_shell_help_subcmd_print
                0x00000000000064c0       0xb4 zephyr/libzephyr.a(shell_help.c.obj)
                0x00000000000064c0                z_shell_help_subcmd_print
 .text.z_shell_help_cmd_print
                0x0000000000006574       0x40 zephyr/libzephyr.a(shell_help.c.obj)
                0x0000000000006574                z_shell_help_cmd_print
 .text.z_shell_help_request
                0x00000000000065b4       0x28 zephyr/libzephyr.a(shell_help.c.obj)
                0x00000000000065b4                z_shell_help_request
 .text.cmd_resize_default
                0x00000000000065dc       0x2c zephyr/libzephyr.a(shell_cmds.c.obj)
 .text.cmd_shell_stats_show
                0x0000000000006608       0x14 zephyr/libzephyr.a(shell_cmds.c.obj)
 .text.cmd_backends
                0x000000000000661c       0x4c zephyr/libzephyr.a(shell_cmds.c.obj)
 .text.cmd_prompt_off
                0x0000000000006668       0x10 zephyr/libzephyr.a(shell_cmds.c.obj)
 .text.cmd_history
                0x0000000000006678       0x40 zephyr/libzephyr.a(shell_cmds.c.obj)
 .text.cmd_get_retval
                0x00000000000066b8       0x1c zephyr/libzephyr.a(shell_cmds.c.obj)
 .text.cmd_echo
                0x00000000000066d4       0x50 zephyr/libzephyr.a(shell_cmds.c.obj)
 .text.cmd_clear
                0x0000000000006724       0x34 zephyr/libzephyr.a(shell_cmds.c.obj)
 .text.cmd_resize
                0x0000000000006758      0x1a0 zephyr/libzephyr.a(shell_cmds.c.obj)
 .text.z_shell_wildcard_process
                0x00000000000068f8       0xe4 zephyr/libzephyr.a(shell_wildcard.c.obj)
                0x00000000000068f8                z_shell_wildcard_process
 .text.z_isr_install
                0x00000000000069dc       0x1c zephyr/arch/common/libarch__common.a(dynamic_isr.c.obj)
                0x00000000000069dc                z_isr_install
 .text.z_SysNmiOnReset
                0x00000000000069f8        0x8 zephyr/arch/arch/arm/core/libarch__arm__core.a(nmi_on_reset.S.obj)
                0x00000000000069f8                z_SysNmiOnReset
 .text.arch_tls_stack_setup
                0x0000000000006a00       0x40 zephyr/arch/arch/arm/core/libarch__arm__core.a(tls.c.obj)
                0x0000000000006a00                arch_tls_stack_setup
 .text._HandlerModeExit
                0x0000000000006a40       0x28 zephyr/arch/arch/arm/core/cortex_m/libarch__arm__core__cortex_m.a(exc_exit.c.obj)
                0x0000000000006a40                z_arm_exc_exit
                0x0000000000006a40                z_arm_int_exit
 .text.usage_fault.constprop.0
                0x0000000000006a68       0x54 zephyr/arch/arch/arm/core/cortex_m/libarch__arm__core__cortex_m.a(fault.c.obj)
 .text.bus_fault.constprop.0
                0x0000000000006abc       0x60 zephyr/arch/arch/arm/core/cortex_m/libarch__arm__core__cortex_m.a(fault.c.obj)
 .text.mem_manage_fault.constprop.0
                0x0000000000006b1c       0x5c zephyr/arch/arch/arm/core/cortex_m/libarch__arm__core__cortex_m.a(fault.c.obj)
 .text.z_arm_fault
                0x0000000000006b78      0x124 zephyr/arch/arch/arm/core/cortex_m/libarch__arm__core__cortex_m.a(fault.c.obj)
                0x0000000000006b78                z_arm_fault
 .text.z_arm_fault_init
                0x0000000000006c9c       0x10 zephyr/arch/arch/arm/core/cortex_m/libarch__arm__core__cortex_m.a(fault.c.obj)
                0x0000000000006c9c                z_arm_fault_init
 .text.__fault  0x0000000000006cac       0x14 zephyr/arch/arch/arm/core/cortex_m/libarch__arm__core__cortex_m.a(fault_s.S.obj)
                0x0000000000006cac                z_arm_bus_fault
                0x0000000000006cac                z_arm_usage_fault
                0x0000000000006cac                z_arm_mpu_fault
                0x0000000000006cac                z_arm_exc_spurious
                0x0000000000006cac                z_arm_debug_monitor
                0x0000000000006cac                z_arm_hard_fault
 .text._reset_section
                0x0000000000006cc0       0x44 zephyr/arch/arch/arm/core/cortex_m/libarch__arm__core__cortex_m.a(reset.S.obj)
                0x0000000000006cc0                z_arm_reset
                0x0000000000006cc0                __start
 .text.z_impl_k_thread_abort
                0x0000000000006d04       0x2c zephyr/arch/arch/arm/core/cortex_m/libarch__arm__core__cortex_m.a(thread_abort.c.obj)
                0x0000000000006d04                z_impl_k_thread_abort
 .text.arch_swap
                0x0000000000006d30       0x34 zephyr/arch/arch/arm/core/cortex_m/libarch__arm__core__cortex_m.a(swap.c.obj)
                0x0000000000006d30                arch_swap
 .text.z_arm_pendsv_c
                0x0000000000006d64       0x44 zephyr/arch/arch/arm/core/cortex_m/libarch__arm__core__cortex_m.a(swap.c.obj)
                0x0000000000006d64                z_arm_pendsv_c
 .text.z_arm_pendsv
                0x0000000000006da8       0x34 zephyr/arch/arch/arm/core/cortex_m/libarch__arm__core__cortex_m.a(swap_helper.S.obj)
                0x0000000000006da8                z_arm_pendsv
 .text.z_arm_svc
                0x0000000000006ddc       0x20 zephyr/arch/arch/arm/core/cortex_m/libarch__arm__core__cortex_m.a(swap_helper.S.obj)
                0x0000000000006ddc                z_arm_svc
 .text.__NVIC_SetPriority
                0x0000000000006dfc       0x28 zephyr/arch/arch/arm/core/cortex_m/libarch__arm__core__cortex_m.a(irq_manage.c.obj)
 .text.arch_irq_enable
                0x0000000000006e24       0x1c zephyr/arch/arch/arm/core/cortex_m/libarch__arm__core__cortex_m.a(irq_manage.c.obj)
                0x0000000000006e24                arch_irq_enable
 .text.arch_irq_disable
                0x0000000000006e40       0x28 zephyr/arch/arch/arm/core/cortex_m/libarch__arm__core__cortex_m.a(irq_manage.c.obj)
                0x0000000000006e40                arch_irq_disable
 .text.z_prep_c
                0x0000000000006e68       0x2c zephyr/arch/arch/arm/core/cortex_m/libarch__arm__core__cortex_m.a(prep_c.c.obj)
                0x0000000000006e68                z_prep_c
 .text.arch_new_thread
                0x0000000000006e94       0x38 zephyr/arch/arch/arm/core/cortex_m/libarch__arm__core__cortex_m.a(thread.c.obj)
                0x0000000000006e94                arch_new_thread
 .text.arch_switch_to_main_thread
                0x0000000000006ecc       0x44 zephyr/arch/arch/arm/core/cortex_m/libarch__arm__core__cortex_m.a(thread.c.obj)
                0x0000000000006ecc                arch_switch_to_main_thread
 .text.z_arm_cpu_idle_init
                0x0000000000006f10        0xc zephyr/arch/arch/arm/core/cortex_m/libarch__arm__core__cortex_m.a(cpu_idle.c.obj)
                0x0000000000006f10                z_arm_cpu_idle_init
 .text.z_arm_interrupt_init
                0x0000000000006f1c       0x18 zephyr/arch/arch/arm/core/cortex_m/libarch__arm__core__cortex_m.a(irq_init.c.obj)
                0x0000000000006f1c                z_arm_interrupt_init
 .text._isr_wrapper
                0x0000000000006f34       0x24 zephyr/arch/arch/arm/core/cortex_m/libarch__arm__core__cortex_m.a(isr_wrapper.c.obj)
                0x0000000000006f34                _isr_wrapper
 .text.z_impl_zephyr_fputc
                0x0000000000006f58       0x10 zephyr/lib/libc/picolibc/liblib__libc__picolibc.a(libc-hooks.c.obj)
                0x0000000000006f58                z_impl_zephyr_fputc
 .text.__stdout_hook_install
                0x0000000000006f68       0x18 zephyr/lib/libc/picolibc/liblib__libc__picolibc.a(libc-hooks.c.obj)
                0x0000000000006f68                __stdout_hook_install
 .text.cbvprintf
                0x0000000000006f80       0x38 zephyr/lib/libc/picolibc/liblib__libc__picolibc.a(libc-hooks.c.obj)
                0x0000000000006f80                cbvprintf
 .text.malloc_prepare
                0x0000000000006fb8       0x24 zephyr/lib/libc/common/liblib__libc__common.a(malloc.c.obj)
 .text.getopt_init
                0x0000000000006fdc       0x48 zephyr/lib/posix/options/liblib__posix__options.a(getopt.c.obj)
                0x0000000000006fdc                getopt_init
 .text.getopt   0x0000000000007024       0xf8 zephyr/lib/posix/options/liblib__posix__options.a(getopt.c.obj)
                0x0000000000007024                getopt
 .text.z_getopt_global_state_update
                0x000000000000711c       0x34 zephyr/lib/posix/options/liblib__posix__options.a(getopt_common.c.obj)
                0x000000000000711c                z_getopt_global_state_update
 .text.getopt_state_get
                0x0000000000007150        0x8 zephyr/lib/posix/options/liblib__posix__options.a(getopt_common.c.obj)
                0x0000000000007150                getopt_state_get
 .text.ra_icu_query_available_irq
                0x0000000000007158       0x2c zephyr/drivers/interrupt_controller/libdrivers__interrupt_controller.a(intc_renesas_ra_icu.c.obj)
                0x0000000000007158                ra_icu_query_available_irq
 .text.ra_icu_query_irq_config
                0x0000000000007184       0x28 zephyr/drivers/interrupt_controller/libdrivers__interrupt_controller.a(intc_renesas_ra_icu.c.obj)
                0x0000000000007184                ra_icu_query_irq_config
 .text.ra_icu_irq_disconnect_dynamic
                0x00000000000071ac       0x3c zephyr/drivers/interrupt_controller/libdrivers__interrupt_controller.a(intc_renesas_ra_icu.c.obj)
                0x00000000000071ac                ra_icu_irq_disconnect_dynamic
 .text.clock_control_ra_on
                0x00000000000071e8       0x4c zephyr/drivers/clock_control/libdrivers__clock_control.a(clock_control_renesas_ra.c.obj)
 .text.clock_control_ra_off
                0x0000000000007234       0x48 zephyr/drivers/clock_control/libdrivers__clock_control.a(clock_control_renesas_ra.c.obj)
 .text.clock_control_ra_get_rate
                0x000000000000727c       0x20 zephyr/drivers/clock_control/libdrivers__clock_control.a(clock_control_renesas_ra.c.obj)
 .text.clock_control_ra_init
                0x000000000000729c       0x84 zephyr/drivers/clock_control/libdrivers__clock_control.a(clock_control_renesas_ra.c.obj)
 .text.uart_console_init
                0x0000000000007320       0x28 zephyr/drivers/console/libdrivers__console.a(uart_console.c.obj)
 .text.console_out
                0x0000000000007348       0x28 zephyr/drivers/console/libdrivers__console.a(uart_console.c.obj)
 .text.pinctrl_configure_pins
                0x0000000000007370       0x80 zephyr/drivers/pinctrl/libdrivers__pinctrl.a(pinctrl_renesas_ra.c.obj)
                0x0000000000007370                pinctrl_configure_pins
 .text.irq_config_func_0
                0x00000000000073f0       0x88 zephyr/drivers/serial/libdrivers__serial.a(uart_renesas_ra.c.obj)
 .text.uart_ra_configure
                0x0000000000007478       0xac zephyr/drivers/serial/libdrivers__serial.a(uart_renesas_ra.c.obj)
 .text.elapsed  0x0000000000007524       0x4c zephyr/drivers/timer/libdrivers__timer.a(cortex_m_systick.c.obj)
 .text.sys_clock_driver_init
                0x0000000000007570       0x44 zephyr/drivers/timer/libdrivers__timer.a(cortex_m_systick.c.obj)
 .text.sys_clock_isr
                0x00000000000075b4       0x58 zephyr/drivers/timer/libdrivers__timer.a(cortex_m_systick.c.obj)
                0x00000000000075b4                sys_clock_isr
 .text.sys_clock_set_timeout
                0x000000000000760c      0x1b4 zephyr/drivers/timer/libdrivers__timer.a(cortex_m_systick.c.obj)
                0x000000000000760c                sys_clock_set_timeout
 .text.sys_clock_elapsed
                0x00000000000077c0       0x48 zephyr/drivers/timer/libdrivers__timer.a(cortex_m_systick.c.obj)
                0x00000000000077c0                sys_clock_elapsed
 .text.sys_clock_cycle_get_32
                0x0000000000007808       0x28 zephyr/drivers/timer/libdrivers__timer.a(cortex_m_systick.c.obj)
                0x0000000000007808                sys_clock_cycle_get_32
 .text.z_impl_k_busy_wait
                0x0000000000007830       0x48 zephyr/kernel/libkernel.a(busy_wait.c.obj)
                0x0000000000007830                z_impl_k_busy_wait
 .text.z_device_get_all_static
                0x0000000000007878       0x18 zephyr/kernel/libkernel.a(device.c.obj)
                0x0000000000007878                z_device_get_all_static
 .text.z_fatal_error
                0x0000000000007890       0x30 zephyr/kernel/libkernel.a(fatal.c.obj)
                0x0000000000007890                z_fatal_error
 .text.z_sys_init_run_level
                0x00000000000078c0       0x2c zephyr/kernel/libkernel.a(init.c.obj)
 .text.bg_thread_main
                0x00000000000078ec       0xc4 zephyr/kernel/libkernel.a(init.c.obj)
 .text.z_bss_zero
                0x00000000000079b0       0x18 zephyr/kernel/libkernel.a(init.c.obj)
                0x00000000000079b0                z_bss_zero
 .text.z_init_cpu
                0x00000000000079c8       0x70 zephyr/kernel/libkernel.a(init.c.obj)
                0x00000000000079c8                z_init_cpu
 .text.z_cstart
                0x0000000000007a38       0xcc zephyr/kernel/libkernel.a(init.c.obj)
                0x0000000000007a38                z_cstart
 .text.z_impl_k_mutex_lock
                0x0000000000007b04       0xf0 zephyr/kernel/libkernel.a(mutex.c.obj)
                0x0000000000007b04                z_impl_k_mutex_lock
 .text.z_impl_k_mutex_unlock
                0x0000000000007bf4       0x78 zephyr/kernel/libkernel.a(mutex.c.obj)
                0x0000000000007bf4                z_impl_k_mutex_unlock
 .text.z_impl_k_sem_give
                0x0000000000007c6c       0x4c zephyr/kernel/libkernel.a(sem.c.obj)
                0x0000000000007c6c                z_impl_k_sem_give
 .text.z_impl_k_thread_name_set
                0x0000000000007cb8       0x20 zephyr/kernel/libkernel.a(thread.c.obj)
                0x0000000000007cb8                z_impl_k_thread_name_set
 .text.k_thread_state_str
                0x0000000000007cd8       0x90 zephyr/kernel/libkernel.a(thread.c.obj)
                0x0000000000007cd8                k_thread_state_str
 .text.z_setup_new_thread
                0x0000000000007d68       0xd4 zephyr/kernel/libkernel.a(thread.c.obj)
                0x0000000000007d68                z_setup_new_thread
 .text.z_impl_k_thread_create
                0x0000000000007e3c       0x58 zephyr/kernel/libkernel.a(thread.c.obj)
                0x0000000000007e3c                z_impl_k_thread_create
 .text.update_cache
                0x0000000000007e94       0x3c zephyr/kernel/libkernel.a(sched.c.obj)
 .text.unready_thread
                0x0000000000007ed0       0x30 zephyr/kernel/libkernel.a(sched.c.obj)
 .text.ready_thread
                0x0000000000007f00       0x68 zephyr/kernel/libkernel.a(sched.c.obj)
 .text.z_thread_halt
                0x0000000000007f68       0xf0 zephyr/kernel/libkernel.a(sched.c.obj)
 .text.move_thread_to_end_of_prio_q
                0x0000000000008058       0x74 zephyr/kernel/libkernel.a(sched.c.obj)
                0x0000000000008058                move_thread_to_end_of_prio_q
 .text.z_pend_curr
                0x00000000000080cc       0x58 zephyr/kernel/libkernel.a(sched.c.obj)
                0x00000000000080cc                z_pend_curr
 .text.z_thread_prio_set
                0x0000000000008124       0x88 zephyr/kernel/libkernel.a(sched.c.obj)
                0x0000000000008124                z_thread_prio_set
 .text.z_reschedule
                0x00000000000081ac       0x24 zephyr/kernel/libkernel.a(sched.c.obj)
                0x00000000000081ac                z_reschedule
 .text.z_sched_start
                0x00000000000081d0       0x3c zephyr/kernel/libkernel.a(sched.c.obj)
                0x00000000000081d0                z_sched_start
 .text.z_reschedule_irqlock
                0x000000000000820c       0x28 zephyr/kernel/libkernel.a(sched.c.obj)
                0x000000000000820c                z_reschedule_irqlock
 .text.k_sched_lock
                0x0000000000008234       0x28 zephyr/kernel/libkernel.a(sched.c.obj)
                0x0000000000008234                k_sched_lock
 .text.k_sched_unlock
                0x000000000000825c       0x40 zephyr/kernel/libkernel.a(sched.c.obj)
                0x000000000000825c                k_sched_unlock
 .text.z_sched_init
                0x000000000000829c       0x10 zephyr/kernel/libkernel.a(sched.c.obj)
                0x000000000000829c                z_sched_init
 .text.z_impl_k_yield
                0x00000000000082ac       0x7c zephyr/kernel/libkernel.a(sched.c.obj)
                0x00000000000082ac                z_impl_k_yield
 .text.z_tick_sleep
                0x0000000000008328       0x88 zephyr/kernel/libkernel.a(sched.c.obj)
 .text.z_impl_k_sleep
                0x00000000000083b0       0x3c zephyr/kernel/libkernel.a(sched.c.obj)
                0x00000000000083b0                z_impl_k_sleep
 .text.z_impl_k_sched_current_thread_query
                0x00000000000083ec        0xc zephyr/kernel/libkernel.a(sched.c.obj)
                0x00000000000083ec                z_impl_k_sched_current_thread_query
 .text.z_sched_wait
                0x00000000000083f8       0x24 zephyr/kernel/libkernel.a(sched.c.obj)
                0x00000000000083f8                z_sched_wait
 .text.slice_timeout
                0x000000000000841c       0x20 zephyr/kernel/libkernel.a(timeslicing.c.obj)
 .text.thread_is_sliceable
                0x000000000000843c       0x3c zephyr/kernel/libkernel.a(timeslicing.c.obj)
                0x000000000000843c                thread_is_sliceable
 .text.z_reset_time_slice
                0x0000000000008478       0x50 zephyr/kernel/libkernel.a(timeslicing.c.obj)
                0x0000000000008478                z_reset_time_slice
 .text.z_time_slice
                0x00000000000084c8       0x60 zephyr/kernel/libkernel.a(timeslicing.c.obj)
                0x00000000000084c8                z_time_slice
 .text.z_thread_monitor_exit
                0x0000000000008528       0x3c zephyr/kernel/libkernel.a(thread_monitor.c.obj)
                0x0000000000008528                z_thread_monitor_exit
 .text.k_thread_foreach_unlocked
                0x0000000000008564       0x48 zephyr/kernel/libkernel.a(thread_monitor.c.obj)
                0x0000000000008564                k_thread_foreach_unlocked
 .text.z_data_copy
                0x00000000000085ac       0x34 zephyr/kernel/libkernel.a(xip.c.obj)
                0x00000000000085ac                z_data_copy
 .text.elapsed  0x00000000000085e0       0x14 zephyr/kernel/libkernel.a(timeout.c.obj)
 .text.remove_timeout
                0x00000000000085f4       0x38 zephyr/kernel/libkernel.a(timeout.c.obj)
 .text.next_timeout
                0x000000000000862c       0x40 zephyr/kernel/libkernel.a(timeout.c.obj)
 .text.z_add_timeout
                0x000000000000866c       0xf4 zephyr/kernel/libkernel.a(timeout.c.obj)
                0x000000000000866c                z_add_timeout
 .text.sys_clock_announce
                0x0000000000008760       0xd0 zephyr/kernel/libkernel.a(timeout.c.obj)
                0x0000000000008760                sys_clock_announce
 .text.sys_clock_tick_get
                0x0000000000008830       0x30 zephyr/kernel/libkernel.a(timeout.c.obj)
                0x0000000000008830                sys_clock_tick_get
 .text.z_impl_k_poll
                0x0000000000008860       0xb0 zephyr/kernel/libkernel.a(poll.c.obj)
                0x0000000000008860                z_impl_k_poll
 .text.z_impl_k_poll_signal_raise
                0x0000000000008910       0x50 zephyr/kernel/libkernel.a(poll.c.obj)
                0x0000000000008910                z_impl_k_poll_signal_raise
 .text.boot_banner
                0x0000000000008960        0xc zephyr/kernel/libkernel.a(banner.c.obj)
                0x0000000000008960                boot_banner
 .text.k_sys_work_q_init
                0x000000000000896c       0x34 zephyr/kernel/libkernel.a(system_work_q.c.obj)
 .text.work_queue_main
                0x00000000000089a0      0x144 zephyr/kernel/libkernel.a(work.c.obj)
 .text.submit_to_queue_locked
                0x0000000000008ae4       0xb4 zephyr/kernel/libkernel.a(work.c.obj)
 .text.k_work_queue_start
                0x0000000000008b98       0x7c zephyr/kernel/libkernel.a(work.c.obj)
                0x0000000000008b98                k_work_queue_start
 .text.printf   0x0000000000008c14       0x24 /home/elotro/zephyr-sdk-0.16.8/arm-zephyr-eabi/bin/../lib/gcc/../../picolibc/arm-zephyr-eabi/lib/thumb/v7e-m/nofp/libc.a(libc_tinystdio_printf.c.o)
                0x0000000000008c14                printf
 .text.snprintf
                0x0000000000008c38       0x58 /home/elotro/zephyr-sdk-0.16.8/arm-zephyr-eabi/bin/../lib/gcc/../../picolibc/arm-zephyr-eabi/lib/thumb/v7e-m/nofp/libc.a(libc_tinystdio_snprintf.c.o)
                0x0000000000008c38                snprintf
 .text.strtol   0x0000000000008c90       0xec /home/elotro/zephyr-sdk-0.16.8/arm-zephyr-eabi/bin/../lib/gcc/../../picolibc/arm-zephyr-eabi/lib/thumb/v7e-m/nofp/libc.a(libc_tinystdio_strtol.c.o)
                0x0000000000008c90                strtol
 .text.strtoul  0x0000000000008d7c       0xcc /home/elotro/zephyr-sdk-0.16.8/arm-zephyr-eabi/bin/../lib/gcc/../../picolibc/arm-zephyr-eabi/lib/thumb/v7e-m/nofp/libc.a(libc_tinystdio_strtoul.c.o)
                0x0000000000008d7c                strtoul
 .text.__l_vfprintf
                0x0000000000008e48      0x4b8 /home/elotro/zephyr-sdk-0.16.8/arm-zephyr-eabi/bin/../lib/gcc/../../picolibc/arm-zephyr-eabi/lib/thumb/v7e-m/nofp/libc.a(libc_tinystdio_vflprintf.c.o)
                0x0000000000008e48                __l_vfprintf
 .text._OffsetAbsSyms
                0x0000000000009300        0x2 zephyr/CMakeFiles/offsets.dir/./arch/arm/core/offsets/offsets.c.obj
                0x0000000000009300                _OffsetAbsSyms
 .text.chunk_size
                0x0000000000009302        0xa zephyr/libzephyr.a(heap.c.obj)
 .text.free_list_add
                0x000000000000930c       0x4e zephyr/libzephyr.a(heap.c.obj)
 .text.sys_heap_init
                0x000000000000935a       0x7a zephyr/libzephyr.a(heap.c.obj)
                0x000000000000935a                sys_heap_init
 .text.arch_printk_char_out
                0x00000000000093d4        0x4 zephyr/libzephyr.a(printk.c.obj)
                0x00000000000093d4                arch_printk_char_out
 .text.printk   0x00000000000093d8       0x1a zephyr/libzephyr.a(printk.c.obj)
                0x00000000000093d8                printk
 .text.ring_buf_put_claim
                0x00000000000093f2       0x3e zephyr/libzephyr.a(ring_buffer.c.obj)
                0x00000000000093f2                ring_buf_put_claim
 .text.ring_buf_put_finish
                0x0000000000009430       0x2a zephyr/libzephyr.a(ring_buffer.c.obj)
                0x0000000000009430                ring_buf_put_finish
 .text.ring_buf_put
                0x000000000000945a       0x3e zephyr/libzephyr.a(ring_buffer.c.obj)
                0x000000000000945a                ring_buf_put
 .text.ring_buf_get_claim
                0x0000000000009498       0x40 zephyr/libzephyr.a(ring_buffer.c.obj)
                0x0000000000009498                ring_buf_get_claim
 .text.ring_buf_get_finish
                0x00000000000094d8       0x2a zephyr/libzephyr.a(ring_buffer.c.obj)
                0x00000000000094d8                ring_buf_get_finish
 .text.ring_buf_get
                0x0000000000009502       0x40 zephyr/libzephyr.a(ring_buffer.c.obj)
                0x0000000000009502                ring_buf_get
 .text._ConfigAbsSyms
                0x0000000000009542        0x2 zephyr/libzephyr.a(configs.c.obj)
                0x0000000000009542                _ConfigAbsSyms
 .text.uart_irq_tx_disable
                0x0000000000009544        0xa zephyr/libzephyr.a(shell_uart.c.obj)
 .text.enable   0x000000000000954e       0x12 zephyr/libzephyr.a(shell_uart.c.obj)
 .text.read_uart
                0x0000000000009560       0x12 zephyr/libzephyr.a(shell_uart.c.obj)
 .text.uninit   0x0000000000009572       0x20 zephyr/libzephyr.a(shell_uart.c.obj)
 .text.write_uart
                0x0000000000009592       0x6c zephyr/libzephyr.a(shell_uart.c.obj)
 .text.uart_callback
                0x00000000000095fe       0xe2 zephyr/libzephyr.a(shell_uart.c.obj)
 .text.cmd_buffer_clear
                0x00000000000096e0       0x16 zephyr/libzephyr.a(shell.c.obj)
 .text.atomic_or
                0x00000000000096f6       0x1e zephyr/libzephyr.a(shell.c.obj)
 .text.atomic_and
                0x0000000000009714       0x1e zephyr/libzephyr.a(shell.c.obj)
 .text.k_mutex_lock
                0x0000000000009732        0x4 zephyr/libzephyr.a(shell.c.obj)
 .text.shell_signal_handle
                0x0000000000009736       0x2c zephyr/libzephyr.a(shell.c.obj)
 .text.z_shell_strlen
                0x0000000000009762        0xc zephyr/libzephyr.a(shell.c.obj)
 .text.z_shell_raw_fprintf
                0x000000000000976e       0x1a zephyr/libzephyr.a(shell.c.obj)
 .text.transport_evt_handler
                0x0000000000009788       0x14 zephyr/libzephyr.a(shell.c.obj)
 .text.z_flag_cmd_ctx_set.isra.0
                0x000000000000979c       0x16 zephyr/libzephyr.a(shell.c.obj)
 .text.z_flag_history_exit_set.isra.0
                0x00000000000097b2       0x14 zephyr/libzephyr.a(shell.c.obj)
 .text.z_flag_insert_mode_set.isra.0
                0x00000000000097c6       0x1e zephyr/libzephyr.a(shell.c.obj)
 .text.k_mutex_unlock.isra.0
                0x00000000000097e4        0x4 zephyr/libzephyr.a(shell.c.obj)
 .text.shell_vfprintf
                0x00000000000097e8       0x8a zephyr/libzephyr.a(shell.c.obj)
                0x00000000000097e8                shell_vfprintf
 .text.shell_fprintf_impl
                0x0000000000009872       0x1a zephyr/libzephyr.a(shell.c.obj)
                0x0000000000009872                shell_fprintf_impl
 .text.shell_print_impl
                0x000000000000988c       0x1c zephyr/libzephyr.a(shell.c.obj)
                0x000000000000988c                shell_print_impl
 .text.shell_warn_impl
                0x00000000000098a8       0x1c zephyr/libzephyr.a(shell.c.obj)
                0x00000000000098a8                shell_warn_impl
 .text.shell_error_impl
                0x00000000000098c4       0x1c zephyr/libzephyr.a(shell.c.obj)
                0x00000000000098c4                shell_error_impl
 .text.shell_prompt_change
                0x00000000000098e0       0x5a zephyr/libzephyr.a(shell.c.obj)
                0x00000000000098e0                shell_prompt_change
 .text.shell_get_return_value
                0x000000000000993a       0x10 zephyr/libzephyr.a(shell.c.obj)
                0x000000000000993a                shell_get_return_value
 .text.shell_set_bypass
                0x000000000000994a        0xc zephyr/libzephyr.a(shell.c.obj)
                0x000000000000994a                shell_set_bypass
 .text.z_shell_fprintf_buffer_flush
                0x0000000000009956       0x18 zephyr/libzephyr.a(shell_fprintf.c.obj)
                0x0000000000009956                z_shell_fprintf_buffer_flush
 .text.out_func
                0x000000000000996e       0x3c zephyr/libzephyr.a(shell_fprintf.c.obj)
 .text.z_shell_strlen
                0x00000000000099aa        0xc zephyr/libzephyr.a(shell_utils.c.obj)
 .text.z_column_span_with_buffer_offsets_get
                0x00000000000099b6       0x1e zephyr/libzephyr.a(shell_utils.c.obj)
                0x00000000000099b6                z_column_span_with_buffer_offsets_get
 .text.z_row_span_with_buffer_offsets_get
                0x00000000000099d4       0x16 zephyr/libzephyr.a(shell_utils.c.obj)
                0x00000000000099d4                z_row_span_with_buffer_offsets_get
 .text.z_shell_multiline_data_calc
                0x00000000000099ea       0x2c zephyr/libzephyr.a(shell_utils.c.obj)
                0x00000000000099ea                z_shell_multiline_data_calc
 .text.z_shell_make_argv
                0x0000000000009a16      0x1a0 zephyr/libzephyr.a(shell_utils.c.obj)
                0x0000000000009a16                z_shell_make_argv
 .text.z_shell_pattern_remove
                0x0000000000009bb6       0x4e zephyr/libzephyr.a(shell_utils.c.obj)
                0x0000000000009bb6                z_shell_pattern_remove
 .text.z_shell_find_cmd
                0x0000000000009c04       0x56 zephyr/libzephyr.a(shell_utils.c.obj)
                0x0000000000009c04                z_shell_find_cmd
 .text.z_shell_get_last_command
                0x0000000000009c5a       0x5c zephyr/libzephyr.a(shell_utils.c.obj)
                0x0000000000009c5a                z_shell_get_last_command
 .text.z_shell_spaces_trim
                0x0000000000009cb6       0x62 zephyr/libzephyr.a(shell_utils.c.obj)
                0x0000000000009cb6                z_shell_spaces_trim
 .text.z_shell_cmd_trim
                0x0000000000009d18       0x76 zephyr/libzephyr.a(shell_utils.c.obj)
                0x0000000000009d18                z_shell_cmd_trim
 .text.z_shell_raw_fprintf
                0x0000000000009d8e       0x1a zephyr/libzephyr.a(shell_ops.c.obj)
 .text.full_line_cmd.isra.0
                0x0000000000009da8       0x22 zephyr/libzephyr.a(shell_ops.c.obj)
 .text.z_shell_cursor_in_empty_line
                0x0000000000009dca       0x2e zephyr/libzephyr.a(shell_ops.c.obj)
                0x0000000000009dca                z_shell_cursor_in_empty_line
 .text.z_shell_op_cond_next_line
                0x0000000000009df8       0x1e zephyr/libzephyr.a(shell_ops.c.obj)
                0x0000000000009df8                z_shell_op_cond_next_line
 .text.z_shell_op_cursor_position_synchronize
                0x0000000000009e16       0x4a zephyr/libzephyr.a(shell_ops.c.obj)
                0x0000000000009e16                z_shell_op_cursor_position_synchronize
 .text.z_shell_op_cursor_move
                0x0000000000009e60       0x52 zephyr/libzephyr.a(shell_ops.c.obj)
                0x0000000000009e60                z_shell_op_cursor_move
 .text.z_shell_op_cursor_word_move
                0x0000000000009eb2       0x7c zephyr/libzephyr.a(shell_ops.c.obj)
                0x0000000000009eb2                z_shell_op_cursor_word_move
 .text.z_shell_op_cursor_home_move
                0x0000000000009f2e        0xe zephyr/libzephyr.a(shell_ops.c.obj)
                0x0000000000009f2e                z_shell_op_cursor_home_move
 .text.z_shell_op_cursor_end_move
                0x0000000000009f3c       0x12 zephyr/libzephyr.a(shell_ops.c.obj)
                0x0000000000009f3c                z_shell_op_cursor_end_move
 .text.z_shell_op_left_arrow
                0x0000000000009f4e       0x12 zephyr/libzephyr.a(shell_ops.c.obj)
                0x0000000000009f4e                z_shell_op_left_arrow
 .text.z_shell_op_right_arrow
                0x0000000000009f60       0x16 zephyr/libzephyr.a(shell_ops.c.obj)
                0x0000000000009f60                z_shell_op_right_arrow
 .text.z_shell_op_delete_from_cursor
                0x0000000000009f76       0x1c zephyr/libzephyr.a(shell_ops.c.obj)
                0x0000000000009f76                z_shell_op_delete_from_cursor
 .text.z_shell_cmd_line_erase
                0x0000000000009f92       0x38 zephyr/libzephyr.a(shell_ops.c.obj)
                0x0000000000009f92                z_shell_cmd_line_erase
 .text.z_shell_write
                0x0000000000009fca       0x88 zephyr/libzephyr.a(shell_ops.c.obj)
                0x0000000000009fca                z_shell_write
 .text.z_shell_print_stream
                0x000000000000a052        0x4 zephyr/libzephyr.a(shell_ops.c.obj)
                0x000000000000a052                z_shell_print_stream
 .text.z_shell_vfprintf
                0x000000000000a056       0x4a zephyr/libzephyr.a(shell_ops.c.obj)
                0x000000000000a056                z_shell_vfprintf
 .text.z_shell_fprintf
                0x000000000000a0a0       0x1a zephyr/libzephyr.a(shell_ops.c.obj)
                0x000000000000a0a0                z_shell_fprintf
 .text.data_insert
                0x000000000000a0ba       0x74 zephyr/libzephyr.a(shell_ops.c.obj)
 .text.z_shell_op_completion_insert
                0x000000000000a12e        0x4 zephyr/libzephyr.a(shell_ops.c.obj)
                0x000000000000a12e                z_shell_op_completion_insert
 .text.z_shell_op_char_delete
                0x000000000000a132       0x3e zephyr/libzephyr.a(shell_ops.c.obj)
                0x000000000000a132                z_shell_op_char_delete
 .text.z_shell_op_char_backspace
                0x000000000000a170       0x26 zephyr/libzephyr.a(shell_ops.c.obj)
                0x000000000000a170                z_shell_op_char_backspace
 .text.z_shell_raw_fprintf
                0x000000000000a196       0x1a zephyr/libzephyr.a(shell_help.c.obj)
 .text.formatted_text_print.constprop.0
                0x000000000000a1b0       0xe2 zephyr/libzephyr.a(shell_help.c.obj)
 .text.cmd_comment
                0x000000000000a292        0x4 zephyr/libzephyr.a(shell_cmds.c.obj)
 .text.cmd_shell_stats_reset
                0x000000000000a296        0x8 zephyr/libzephyr.a(shell_cmds.c.obj)
 .text.z_shell_raw_fprintf
                0x000000000000a29e       0x1a zephyr/libzephyr.a(shell_cmds.c.obj)
 .text.cmd_prompt_on
                0x000000000000a2b8        0xc zephyr/libzephyr.a(shell_cmds.c.obj)
 .text.cmd_vt100_off
                0x000000000000a2c4       0x22 zephyr/libzephyr.a(shell_cmds.c.obj)
 .text.cmd_bacskpace_mode_delete
                0x000000000000a2e6       0x22 zephyr/libzephyr.a(shell_cmds.c.obj)
 .text.cmd_colors_off
                0x000000000000a308       0x22 zephyr/libzephyr.a(shell_cmds.c.obj)
 .text.cmd_bacskpace_mode_backspace
                0x000000000000a32a       0x22 zephyr/libzephyr.a(shell_cmds.c.obj)
 .text.cmd_echo_off
                0x000000000000a34c       0x22 zephyr/libzephyr.a(shell_cmds.c.obj)
 .text.cmd_colors_on
                0x000000000000a36e       0x22 zephyr/libzephyr.a(shell_cmds.c.obj)
 .text.cmd_vt100_on
                0x000000000000a390       0x22 zephyr/libzephyr.a(shell_cmds.c.obj)
 .text.cmd_echo_on
                0x000000000000a3b2       0x22 zephyr/libzephyr.a(shell_cmds.c.obj)
 .text.remove_from_tail.part.0
                0x000000000000a3d4       0x24 zephyr/libzephyr.a(shell_history.c.obj)
 .text.z_shell_history_mode_exit
                0x000000000000a3f8        0x6 zephyr/libzephyr.a(shell_history.c.obj)
                0x000000000000a3f8                z_shell_history_mode_exit
 .text.z_shell_history_get
                0x000000000000a3fe       0x56 zephyr/libzephyr.a(shell_history.c.obj)
                0x000000000000a3fe                z_shell_history_get
 .text.z_shell_history_purge
                0x000000000000a454       0x18 zephyr/libzephyr.a(shell_history.c.obj)
                0x000000000000a454                z_shell_history_purge
 .text.z_shell_history_put
                0x000000000000a46c       0xd0 zephyr/libzephyr.a(shell_history.c.obj)
                0x000000000000a46c                z_shell_history_put
 .text.z_shell_history_init
                0x000000000000a53c        0xc zephyr/libzephyr.a(shell_history.c.obj)
                0x000000000000a53c                z_shell_history_init
 .text.z_shell_has_wildcard
                0x000000000000a548       0x28 zephyr/libzephyr.a(shell_wildcard.c.obj)
                0x000000000000a548                z_shell_has_wildcard
 .text.z_shell_wildcard_prepare
                0x000000000000a570       0x42 zephyr/libzephyr.a(shell_wildcard.c.obj)
                0x000000000000a570                z_shell_wildcard_prepare
 .text.z_shell_wildcard_finalize
                0x000000000000a5b2       0x20 zephyr/libzephyr.a(shell_wildcard.c.obj)
                0x000000000000a5b2                z_shell_wildcard_finalize
 .text.z_get_sw_isr_table_idx
                0x000000000000a5d2        0x2 zephyr/arch/common/libarch__common.a(sw_isr_common.c.obj)
                0x000000000000a5d2                z_get_sw_isr_table_idx
 .text.z_arm_fatal_error
                0x000000000000a5d4        0xc zephyr/arch/arch/arm/core/libarch__arm__core.a(fatal.c.obj)
                0x000000000000a5d4                z_arm_fatal_error
 .text.z_do_kernel_oops
                0x000000000000a5e0        0x8 zephyr/arch/arch/arm/core/libarch__arm__core.a(fatal.c.obj)
                0x000000000000a5e0                z_do_kernel_oops
 .text.z_arm_nmi
                0x000000000000a5e8        0xe zephyr/arch/arch/arm/core/libarch__arm__core.a(nmi.c.obj)
                0x000000000000a5e8                z_arm_nmi
 .text.z_arm_irq_priority_set
                0x000000000000a5f6        0x8 zephyr/arch/arch/arm/core/cortex_m/libarch__arm__core__cortex_m.a(irq_manage.c.obj)
                0x000000000000a5f6                z_arm_irq_priority_set
 .text.z_irq_spurious
                0x000000000000a5fe        0x8 zephyr/arch/arch/arm/core/cortex_m/libarch__arm__core__cortex_m.a(irq_manage.c.obj)
                0x000000000000a5fe                z_irq_spurious
 .text.arch_irq_unlock_outlined
                0x000000000000a606        0xe zephyr/arch/arch/arm/core/cortex_m/libarch__arm__core__cortex_m.a(thread.c.obj)
                0x000000000000a606                arch_irq_unlock_outlined
 .text.arch_cpu_idle
                0x000000000000a614       0x1a zephyr/arch/arch/arm/core/cortex_m/libarch__arm__core__cortex_m.a(cpu_idle.c.obj)
                0x000000000000a614                arch_cpu_idle
 .text.cbputc   0x000000000000a62e        0xc zephyr/lib/libc/picolibc/liblib__libc__picolibc.a(libc-hooks.c.obj)
 .text.picolibc_put
                0x000000000000a63a        0xa zephyr/lib/libc/picolibc/liblib__libc__picolibc.a(libc-hooks.c.obj)
 .text.foldcase
                0x000000000000a644       0x10 zephyr/lib/posix/options/liblib__posix__options.a(fnmatch.c.obj)
 .text.fnmatchx
                0x000000000000a654      0x23c zephyr/lib/posix/options/liblib__posix__options.a(fnmatch.c.obj)
 .text.fnmatch  0x000000000000a890        0x6 zephyr/lib/posix/options/liblib__posix__options.a(fnmatch.c.obj)
                0x000000000000a890                fnmatch
 .text.ra_icu_query_exists_irq
                0x000000000000a896       0x24 zephyr/drivers/interrupt_controller/libdrivers__interrupt_controller.a(intc_renesas_ra_icu.c.obj)
                0x000000000000a896                ra_icu_query_exists_irq
 .text.ra_icu_clear_int_flag
                0x000000000000a8ba       0x14 zephyr/drivers/interrupt_controller/libdrivers__interrupt_controller.a(intc_renesas_ra_icu.c.obj)
                0x000000000000a8ba                ra_icu_clear_int_flag
 .text.ra_icu_irq_connect_dynamic
                0x000000000000a8ce       0x68 zephyr/drivers/interrupt_controller/libdrivers__interrupt_controller.a(intc_renesas_ra_icu.c.obj)
                0x000000000000a8ce                ra_icu_irq_connect_dynamic
 .text.gpio_ra_manage_callback
                0x000000000000a936       0x66 zephyr/drivers/gpio/libdrivers__gpio.a(gpio_renesas_ra.c.obj)
 .text.port_write.constprop.0.isra.0
                0x000000000000a99c        0xe zephyr/drivers/gpio/libdrivers__gpio.a(gpio_renesas_ra.c.obj)
 .text.port_read.isra.0
                0x000000000000a9aa        0x8 zephyr/drivers/gpio/libdrivers__gpio.a(gpio_renesas_ra.c.obj)
 .text.gpio_ra_port_toggle_bits
                0x000000000000a9b2       0x18 zephyr/drivers/gpio/libdrivers__gpio.a(gpio_renesas_ra.c.obj)
 .text.gpio_ra_port_clear_bits_raw
                0x000000000000a9ca       0x1a zephyr/drivers/gpio/libdrivers__gpio.a(gpio_renesas_ra.c.obj)
 .text.gpio_ra_port_set_bits_raw
                0x000000000000a9e4       0x18 zephyr/drivers/gpio/libdrivers__gpio.a(gpio_renesas_ra.c.obj)
 .text.gpio_ra_port_set_masked_raw
                0x000000000000a9fc       0x1e zephyr/drivers/gpio/libdrivers__gpio.a(gpio_renesas_ra.c.obj)
 .text.gpio_ra_port_get_raw
                0x000000000000aa1a        0xe zephyr/drivers/gpio/libdrivers__gpio.a(gpio_renesas_ra.c.obj)
 .text.query_irq_info.isra.0
                0x000000000000aa28       0x32 zephyr/drivers/gpio/libdrivers__gpio.a(gpio_renesas_ra.c.obj)
 .text.gpio_ra_pin_configure
                0x000000000000aa5a      0x112 zephyr/drivers/gpio/libdrivers__gpio.a(gpio_renesas_ra.c.obj)
 .text.gpio_ra_pin_get_config
                0x000000000000ab6c       0x98 zephyr/drivers/gpio/libdrivers__gpio.a(gpio_renesas_ra.c.obj)
 .text.gpio_ra_pin_interrupt_configure
                0x000000000000ac04       0x2e zephyr/drivers/gpio/libdrivers__gpio.a(gpio_renesas_ra.c.obj)
 .text.gpio_ra_isr
                0x000000000000ac32       0x4c zephyr/drivers/gpio/libdrivers__gpio.a(gpio_renesas_ra.c.obj)
 .text.DT_N_S_soc_S_gpio_40040020gpio_ra_isr_port_irq4
                0x000000000000ac7e        0x6 zephyr/drivers/gpio/libdrivers__gpio.a(gpio_renesas_ra.c.obj)
 .text.DT_N_S_soc_S_gpio_40040020gpio_ra_isr_port_irq3
                0x000000000000ac84        0x6 zephyr/drivers/gpio/libdrivers__gpio.a(gpio_renesas_ra.c.obj)
 .text.DT_N_S_soc_S_gpio_40040020gpio_ra_isr_port_irq2
                0x000000000000ac8a        0x6 zephyr/drivers/gpio/libdrivers__gpio.a(gpio_renesas_ra.c.obj)
 .text.DT_N_S_soc_S_gpio_40040020gpio_ra_isr_port_irq1
                0x000000000000ac90        0x6 zephyr/drivers/gpio/libdrivers__gpio.a(gpio_renesas_ra.c.obj)
 .text.DT_N_S_soc_S_gpio_40040020gpio_ra_isr_port_irq0
                0x000000000000ac96        0x6 zephyr/drivers/gpio/libdrivers__gpio.a(gpio_renesas_ra.c.obj)
 .text.pinctrl_lookup_state
                0x000000000000ac9c       0x26 zephyr/drivers/pinctrl/libdrivers__pinctrl.a(common.c.obj)
                0x000000000000ac9c                pinctrl_lookup_state
 .text.pinctrl_ra_query_config
                0x000000000000acc2       0x24 zephyr/drivers/pinctrl/libdrivers__pinctrl.a(pinctrl_renesas_ra.c.obj)
                0x000000000000acc2                pinctrl_ra_query_config
 .text.uart_ra_poll_in
                0x000000000000ace6       0x3c zephyr/drivers/serial/libdrivers__serial.a(uart_renesas_ra.c.obj)
 .text.uart_ra_poll_out
                0x000000000000ad22       0x50 zephyr/drivers/serial/libdrivers__serial.a(uart_renesas_ra.c.obj)
 .text.uart_ra_err_check
                0x000000000000ad72       0x3e zephyr/drivers/serial/libdrivers__serial.a(uart_renesas_ra.c.obj)
 .text.uart_ra_config_get
                0x000000000000adb0       0x10 zephyr/drivers/serial/libdrivers__serial.a(uart_renesas_ra.c.obj)
 .text.uart_ra_fifo_read
                0x000000000000adc0       0x20 zephyr/drivers/serial/libdrivers__serial.a(uart_renesas_ra.c.obj)
 .text.uart_ra_irq_tx_ready
                0x000000000000ade0        0xa zephyr/drivers/serial/libdrivers__serial.a(uart_renesas_ra.c.obj)
 .text.uart_ra_irq_rx_ready
                0x000000000000adea        0xc zephyr/drivers/serial/libdrivers__serial.a(uart_renesas_ra.c.obj)
 .text.uart_ra_irq_update
                0x000000000000adf6        0x4 zephyr/drivers/serial/libdrivers__serial.a(uart_renesas_ra.c.obj)
 .text.uart_ra_irq_callback_set
                0x000000000000adfa        0x8 zephyr/drivers/serial/libdrivers__serial.a(uart_renesas_ra.c.obj)
 .text.uart_ra_isr
                0x000000000000ae02        0xc zephyr/drivers/serial/libdrivers__serial.a(uart_renesas_ra.c.obj)
 .text.uart_ra_irq_err_disable
                0x000000000000ae0e        0x8 zephyr/drivers/serial/libdrivers__serial.a(uart_renesas_ra.c.obj)
 .text.uart_ra_irq_rx_disable
                0x000000000000ae16       0x2e zephyr/drivers/serial/libdrivers__serial.a(uart_renesas_ra.c.obj)
 .text.uart_ra_irq_tx_disable
                0x000000000000ae44       0x2e zephyr/drivers/serial/libdrivers__serial.a(uart_renesas_ra.c.obj)
 .text.uart_ra_irq_err_enable
                0x000000000000ae72        0x8 zephyr/drivers/serial/libdrivers__serial.a(uart_renesas_ra.c.obj)
 .text.uart_ra_irq_rx_enable
                0x000000000000ae7a       0x2e zephyr/drivers/serial/libdrivers__serial.a(uart_renesas_ra.c.obj)
 .text.uart_ra_irq_tx_enable
                0x000000000000aea8       0x2e zephyr/drivers/serial/libdrivers__serial.a(uart_renesas_ra.c.obj)
 .text.uart_ra_isr_eri
                0x000000000000aed6       0x12 zephyr/drivers/serial/libdrivers__serial.a(uart_renesas_ra.c.obj)
 .text.uart_ra_isr_txi
                0x000000000000aee8       0x12 zephyr/drivers/serial/libdrivers__serial.a(uart_renesas_ra.c.obj)
 .text.uart_ra_isr_rxi
                0x000000000000aefa       0x12 zephyr/drivers/serial/libdrivers__serial.a(uart_renesas_ra.c.obj)
 .text.uart_ra_fifo_fill
                0x000000000000af0c       0x48 zephyr/drivers/serial/libdrivers__serial.a(uart_renesas_ra.c.obj)
 .text.uart_ra_init
                0x000000000000af54       0x74 zephyr/drivers/serial/libdrivers__serial.a(uart_renesas_ra.c.obj)
 .text.uart_ra_irq_is_pending
                0x000000000000afc8       0x2a zephyr/drivers/serial/libdrivers__serial.a(uart_renesas_ra.c.obj)
 .text.z_device_state_init
                0x000000000000aff2        0x2 zephyr/kernel/libkernel.a(device.c.obj)
                0x000000000000aff2                z_device_state_init
 .text.z_impl_device_is_ready
                0x000000000000aff4       0x16 zephyr/kernel/libkernel.a(device.c.obj)
                0x000000000000aff4                z_impl_device_is_ready
 .text.arch_system_halt
                0x000000000000b00a       0x10 zephyr/kernel/libkernel.a(fatal.c.obj)
                0x000000000000b00a                arch_system_halt
 .text.k_sys_fatal_error_handler
                0x000000000000b01a        0x6 zephyr/kernel/libkernel.a(fatal.c.obj)
                0x000000000000b01a                k_sys_fatal_error_handler
 .text.do_device_init
                0x000000000000b020       0x30 zephyr/kernel/libkernel.a(init.c.obj)
 .text.z_early_memset
                0x000000000000b050        0x4 zephyr/kernel/libkernel.a(init.c.obj)
                0x000000000000b050                z_early_memset
 .text.z_early_memcpy
                0x000000000000b054        0x4 zephyr/kernel/libkernel.a(init.c.obj)
                0x000000000000b054                z_early_memcpy
 .text.z_init_static
                0x000000000000b058        0x2 zephyr/kernel/libkernel.a(init_static.c.obj)
                0x000000000000b058                z_init_static
 .text.idle     0x000000000000b05a       0x16 zephyr/kernel/libkernel.a(idle.c.obj)
                0x000000000000b05a                idle
 .text.adjust_owner_prio.isra.0
                0x000000000000b070       0x10 zephyr/kernel/libkernel.a(mutex.c.obj)
 .text.z_impl_k_mutex_init
                0x000000000000b080        0xe zephyr/kernel/libkernel.a(mutex.c.obj)
                0x000000000000b080                z_impl_k_mutex_init
 .text.k_is_in_isr
                0x000000000000b08e        0xc zephyr/kernel/libkernel.a(thread.c.obj)
                0x000000000000b08e                k_is_in_isr
 .text.k_thread_name_get
                0x000000000000b09a        0x4 zephyr/kernel/libkernel.a(thread.c.obj)
                0x000000000000b09a                k_thread_name_get
 .text.z_impl_k_thread_start
                0x000000000000b09e        0x4 zephyr/kernel/libkernel.a(thread.c.obj)
                0x000000000000b09e                z_impl_k_thread_start
 .text.z_stack_space_get
                0x000000000000b0a2       0x18 zephyr/kernel/libkernel.a(thread.c.obj)
                0x000000000000b0a2                z_stack_space_get
 .text.z_impl_k_thread_stack_space_get
                0x000000000000b0ba        0xa zephyr/kernel/libkernel.a(thread.c.obj)
                0x000000000000b0ba                z_impl_k_thread_stack_space_get
 .text.sys_dlist_remove
                0x000000000000b0c4       0x10 zephyr/kernel/libkernel.a(sched.c.obj)
 .text.unpend_thread_no_timeout
                0x000000000000b0d4       0x14 zephyr/kernel/libkernel.a(sched.c.obj)
 .text.add_to_waitq_locked
                0x000000000000b0e8       0x50 zephyr/kernel/libkernel.a(sched.c.obj)
 .text.z_sched_prio_cmp
                0x000000000000b138       0x12 zephyr/kernel/libkernel.a(sched.c.obj)
                0x000000000000b138                z_sched_prio_cmp
 .text.z_ready_thread
                0x000000000000b14a       0x1e zephyr/kernel/libkernel.a(sched.c.obj)
                0x000000000000b14a                z_ready_thread
 .text.z_impl_k_thread_suspend
                0x000000000000b168       0x32 zephyr/kernel/libkernel.a(sched.c.obj)
                0x000000000000b168                z_impl_k_thread_suspend
 .text.z_unpend_thread_no_timeout
                0x000000000000b19a       0x22 zephyr/kernel/libkernel.a(sched.c.obj)
                0x000000000000b19a                z_unpend_thread_no_timeout
 .text.z_sched_wake_thread
                0x000000000000b1bc       0x42 zephyr/kernel/libkernel.a(sched.c.obj)
                0x000000000000b1bc                z_sched_wake_thread
 .text.z_thread_timeout
                0x000000000000b1fe        0x8 zephyr/kernel/libkernel.a(sched.c.obj)
                0x000000000000b1fe                z_thread_timeout
 .text.z_unpend1_no_timeout
                0x000000000000b206       0x2c zephyr/kernel/libkernel.a(sched.c.obj)
                0x000000000000b206                z_unpend1_no_timeout
 .text.z_unpend_first_thread
                0x000000000000b232       0x36 zephyr/kernel/libkernel.a(sched.c.obj)
                0x000000000000b232                z_unpend_first_thread
 .text.z_unpend_thread
                0x000000000000b268       0x10 zephyr/kernel/libkernel.a(sched.c.obj)
                0x000000000000b268                z_unpend_thread
 .text.z_thread_abort
                0x000000000000b278       0x44 zephyr/kernel/libkernel.a(sched.c.obj)
                0x000000000000b278                z_thread_abort
 .text.z_sched_wake
                0x000000000000b2bc       0x46 zephyr/kernel/libkernel.a(sched.c.obj)
                0x000000000000b2bc                z_sched_wake
 .text.z_abort_timeout
                0x000000000000b302       0x2a zephyr/kernel/libkernel.a(timeout.c.obj)
                0x000000000000b302                z_abort_timeout
 .text.sys_clock_tick_get_32
                0x000000000000b32c        0x8 zephyr/kernel/libkernel.a(timeout.c.obj)
                0x000000000000b32c                sys_clock_tick_get_32
 .text.z_impl_k_uptime_ticks
                0x000000000000b334        0x4 zephyr/kernel/libkernel.a(timeout.c.obj)
                0x000000000000b334                z_impl_k_uptime_ticks
 .text.z_impl_k_timer_stop
                0x000000000000b338       0x38 zephyr/kernel/libkernel.a(timer.c.obj)
                0x000000000000b338                z_impl_k_timer_stop
 .text.clear_event_registrations
                0x000000000000b370       0x5c zephyr/kernel/libkernel.a(poll.c.obj)
 .text.add_event
                0x000000000000b3cc       0x62 zephyr/kernel/libkernel.a(poll.c.obj)
 .text.register_events
                0x000000000000b42e       0xf0 zephyr/kernel/libkernel.a(poll.c.obj)
 .text.signal_poll_event
                0x000000000000b51e       0x8c zephyr/kernel/libkernel.a(poll.c.obj)
 .text.k_poll_event_init
                0x000000000000b5aa       0x1e zephyr/kernel/libkernel.a(poll.c.obj)
                0x000000000000b5aa                k_poll_event_init
 .text.z_handle_obj_poll_events
                0x000000000000b5c8       0x34 zephyr/kernel/libkernel.a(poll.c.obj)
                0x000000000000b5c8                z_handle_obj_poll_events
 .text.z_impl_k_poll_signal_init
                0x000000000000b5fc        0xa zephyr/kernel/libkernel.a(poll.c.obj)
                0x000000000000b5fc                z_impl_k_poll_signal_init
 .text.z_impl_k_poll_signal_reset
                0x000000000000b606        0x6 zephyr/kernel/libkernel.a(poll.c.obj)
                0x000000000000b606                z_impl_k_poll_signal_reset
 .text.z_impl_k_poll_signal_check
                0x000000000000b60c        0xa zephyr/kernel/libkernel.a(poll.c.obj)
                0x000000000000b60c                z_impl_k_poll_signal_check
 .text.flag_test_and_clear
                0x000000000000b616       0x16 zephyr/kernel/libkernel.a(work.c.obj)
 .text.notify_queue_locked.isra.0
                0x000000000000b62c        0xe zephyr/kernel/libkernel.a(work.c.obj)
 .text.z_work_submit_to_queue
                0x000000000000b63a       0x26 zephyr/kernel/libkernel.a(work.c.obj)
                0x000000000000b63a                z_work_submit_to_queue
 .text.memcmp   0x000000000000b660       0x20 /home/elotro/zephyr-sdk-0.16.8/arm-zephyr-eabi/bin/../lib/gcc/../../picolibc/arm-zephyr-eabi/lib/thumb/v7e-m/nofp/libc.a(libc_string_memcmp.c.o)
                0x000000000000b660                memcmp
 .text.strchr   0x000000000000b680       0x1a /home/elotro/zephyr-sdk-0.16.8/arm-zephyr-eabi/bin/../lib/gcc/../../picolibc/arm-zephyr-eabi/lib/thumb/v7e-m/nofp/libc.a(libc_string_strchr.c.o)
                0x000000000000b680                strchr
 .text.strncmp  0x000000000000b69a       0x24 /home/elotro/zephyr-sdk-0.16.8/arm-zephyr-eabi/bin/../lib/gcc/../../picolibc/arm-zephyr-eabi/lib/thumb/v7e-m/nofp/libc.a(libc_string_strncmp.c.o)
                0x000000000000b69a                strncmp
 .text.strncpy  0x000000000000b6be       0x20 /home/elotro/zephyr-sdk-0.16.8/arm-zephyr-eabi/bin/../lib/gcc/../../picolibc/arm-zephyr-eabi/lib/thumb/v7e-m/nofp/libc.a(libc_string_strncpy.c.o)
                0x000000000000b6be                strncpy
 .text.strnlen  0x000000000000b6de       0x18 /home/elotro/zephyr-sdk-0.16.8/arm-zephyr-eabi/bin/../lib/gcc/../../picolibc/arm-zephyr-eabi/lib/thumb/v7e-m/nofp/libc.a(libc_string_strnlen.c.o)
                0x000000000000b6de                strnlen
 .text.strstr   0x000000000000b6f6       0x2c /home/elotro/zephyr-sdk-0.16.8/arm-zephyr-eabi/bin/../lib/gcc/../../picolibc/arm-zephyr-eabi/lib/thumb/v7e-m/nofp/libc.a(libc_string_strstr.c.o)
                0x000000000000b6f6                strstr
 .text.__ultoa_invert
                0x000000000000b722       0xae /home/elotro/zephyr-sdk-0.16.8/arm-zephyr-eabi/bin/../lib/gcc/../../picolibc/arm-zephyr-eabi/lib/thumb/v7e-m/nofp/libc.a(libc_tinystdio_vflprintf.c.o)
 .text.memcpy   0x000000000000b7d0       0x1c /home/elotro/zephyr-sdk-0.16.8/arm-zephyr-eabi/bin/../lib/gcc/../../picolibc/arm-zephyr-eabi/lib/thumb/v7e-m/nofp/libc.a(memcpy.c.o)
                0x000000000000b7d0                memcpy
                0x000000000000b7d0                __aeabi_memcpy
                0x000000000000b7d0                __aeabi_memcpy4
                0x000000000000b7d0                __aeabi_memcpy8
 .text.memmove  0x000000000000b7ec       0x34 /home/elotro/zephyr-sdk-0.16.8/arm-zephyr-eabi/bin/../lib/gcc/../../picolibc/arm-zephyr-eabi/lib/thumb/v7e-m/nofp/libc.a(memmove.c.o)
                0x000000000000b7ec                memmove
                0x000000000000b7ec                __aeabi_memmove8
                0x000000000000b7ec                __aeabi_memmove
                0x000000000000b7ec                __aeabi_memmove4
 .text.memset   0x000000000000b820       0x10 /home/elotro/zephyr-sdk-0.16.8/arm-zephyr-eabi/bin/../lib/gcc/../../picolibc/arm-zephyr-eabi/lib/thumb/v7e-m/nofp/libc.a(memset.c.o)
                0x000000000000b820                memset
 .text.__file_str_put
                0x000000000000b830       0x10 /home/elotro/zephyr-sdk-0.16.8/arm-zephyr-eabi/bin/../lib/gcc/../../picolibc/arm-zephyr-eabi/lib/thumb/v7e-m/nofp/libc.a(libc_tinystdio_filestrput.c.o)
                0x000000000000b830                __file_str_put
 *(SORT_BY_ALIGNMENT(.TEXT.*))
 .TEXT.__aeabi_read_tp
                0x000000000000b840        0xc zephyr/arch/arch/arm/core/cortex_m/libarch__arm__core__cortex_m.a(__aeabi_read_tp.S.obj)
                0x000000000000b840                __aeabi_read_tp
 *(SORT_BY_ALIGNMENT(.gnu.linkonce.t.*))
 *(SORT_BY_ALIGNMENT(.glue_7t))
 .glue_7t       0x000000000000b84c        0x0 linker stubs
 *(SORT_BY_ALIGNMENT(.glue_7))
 .glue_7        0x000000000000b84c        0x0 linker stubs
 *(SORT_BY_ALIGNMENT(.vfp11_veneer))
 .vfp11_veneer  0x000000000000b84c        0x0 linker stubs
 *(SORT_BY_ALIGNMENT(.v4_bx))
 .v4_bx         0x000000000000b84c        0x0 linker stubs
                0x000000000000b84c                . = ALIGN (0x4)
                0x000000000000b84c                __text_region_end = .

.ARM.exidx      0x000000000000b84c        0x8
                0x000000000000b84c                __exidx_start = .
 *(SORT_BY_ALIGNMENT(.ARM.exidx*) SORT_BY_ALIGNMENT(gnu.linkonce.armexidx.*))
 .ARM.exidx     0x000000000000b84c        0x8 /home/elotro/zephyr-sdk-0.16.8/arm-zephyr-eabi/bin/../lib/gcc/arm-zephyr-eabi/12.2.0/thumb/v7e-m/nofp/libgcc.a(_udivmoddi4.o)
 .ARM.exidx     0x000000000000b854        0x0 /home/elotro/zephyr-sdk-0.16.8/arm-zephyr-eabi/bin/../lib/gcc/../../picolibc/arm-zephyr-eabi/lib/thumb/v7e-m/nofp/libc.a(strcmp.S.o)
                                          0x8 (size before relaxing)
 .ARM.exidx     0x000000000000b854        0x0 /home/elotro/zephyr-sdk-0.16.8/arm-zephyr-eabi/bin/../lib/gcc/../../picolibc/arm-zephyr-eabi/lib/thumb/v7e-m/nofp/libc.a(strcpy.S.o)
                                          0x8 (size before relaxing)
 .ARM.exidx     0x000000000000b854        0x0 /home/elotro/zephyr-sdk-0.16.8/arm-zephyr-eabi/bin/../lib/gcc/../../picolibc/arm-zephyr-eabi/lib/thumb/v7e-m/nofp/libc.a(strlen.S.o)
                                          0x8 (size before relaxing)
                0x000000000000b854                __exidx_end = .
                0x000000000000b854                __rodata_region_start = .

initlevel       0x000000000000b854       0x48
                0x000000000000b854                __init_start = .
                0x000000000000b854                __init_EARLY_start = .
 *(SORT_BY_NAME(SORT_BY_ALIGNMENT(.z_init_EARLY?_*)))
 *(SORT_BY_NAME(SORT_BY_ALIGNMENT(.z_init_EARLY??_*)))
                0x000000000000b854                __init_PRE_KERNEL_1_start = .
 *(SORT_BY_NAME(SORT_BY_ALIGNMENT(.z_init_PRE_KERNEL_1?_*)))
 *(SORT_BY_NAME(SORT_BY_ALIGNMENT(.z_init_PRE_KERNEL_1??_*)))
 .z_init_PRE_KERNEL_130_00039_
                0x000000000000b854        0x8 zephyr/drivers/clock_control/libdrivers__clock_control.a(clock_control_renesas_ra.c.obj)
 .z_init_PRE_KERNEL_140_00014_
                0x000000000000b85c        0x8 zephyr/drivers/interrupt_controller/libdrivers__interrupt_controller.a(intc_renesas_ra_icu.c.obj)
 .z_init_PRE_KERNEL_140_00015_
                0x000000000000b864        0x8 zephyr/drivers/gpio/libdrivers__gpio.a(gpio_renesas_ra.c.obj)
 .z_init_PRE_KERNEL_150_00045_
                0x000000000000b86c        0x8 zephyr/drivers/serial/libdrivers__serial.a(uart_renesas_ra.c.obj)
 .z_init_PRE_KERNEL_160_0_
                0x000000000000b874        0x8 zephyr/drivers/console/libdrivers__console.a(uart_console.c.obj)
                0x000000000000b87c                __init_PRE_KERNEL_2_start = .
 *(SORT_BY_NAME(SORT_BY_ALIGNMENT(.z_init_PRE_KERNEL_2?_*)))
 .z_init_PRE_KERNEL_20_0_
                0x000000000000b87c        0x8 zephyr/drivers/timer/libdrivers__timer.a(cortex_m_systick.c.obj)
 *(SORT_BY_NAME(SORT_BY_ALIGNMENT(.z_init_PRE_KERNEL_2??_*)))
                0x000000000000b884                __init_POST_KERNEL_start = .
 *(SORT_BY_NAME(SORT_BY_ALIGNMENT(.z_init_POST_KERNEL?_*)))
 *(SORT_BY_NAME(SORT_BY_ALIGNMENT(.z_init_POST_KERNEL??_*)))
 .z_init_POST_KERNEL35_0_
                0x000000000000b884        0x8 zephyr/lib/libc/common/liblib__libc__common.a(malloc.c.obj)
 .z_init_POST_KERNEL40_0_
                0x000000000000b88c        0x8 zephyr/kernel/libkernel.a(system_work_q.c.obj)
 .z_init_POST_KERNEL90_0_
                0x000000000000b894        0x8 zephyr/libzephyr.a(shell_uart.c.obj)
                0x000000000000b89c                __init_APPLICATION_start = .
 *(SORT_BY_NAME(SORT_BY_ALIGNMENT(.z_init_APPLICATION?_*)))
 *(SORT_BY_NAME(SORT_BY_ALIGNMENT(.z_init_APPLICATION??_*)))
                0x000000000000b89c                __init_SMP_start = .
 *(SORT_BY_NAME(SORT_BY_ALIGNMENT(.z_init_SMP?_*)))
 *(SORT_BY_NAME(SORT_BY_ALIGNMENT(.z_init_SMP??_*)))
                0x000000000000b89c                __init_end = .
                0x000000000000b89c                __deferred_init_list_start = .
 *(SORT_BY_ALIGNMENT(.z_deferred_init*))
                0x000000000000b89c                __deferred_init_list_end = .

device_area     0x000000000000b89c       0x50
                0x000000000000b89c                _device_list_start = .
 *(SORT_BY_NAME(SORT_BY_ALIGNMENT(._device.static.*_?_*)))
 *(SORT_BY_NAME(SORT_BY_ALIGNMENT(._device.static.*_??_*)))
 ._device.static.1_30_
                0x000000000000b89c       0x14 zephyr/drivers/clock_control/libdrivers__clock_control.a(clock_control_renesas_ra.c.obj)
                0x000000000000b89c                __device_dts_ord_39
 ._device.static.1_40_
                0x000000000000b8b0       0x14 zephyr/drivers/interrupt_controller/libdrivers__interrupt_controller.a(intc_renesas_ra_icu.c.obj)
                0x000000000000b8b0                __device_dts_ord_14
 ._device.static.1_40_
                0x000000000000b8c4       0x14 zephyr/drivers/gpio/libdrivers__gpio.a(gpio_renesas_ra.c.obj)
                0x000000000000b8c4                __device_dts_ord_15
 ._device.static.1_50_
                0x000000000000b8d8       0x14 zephyr/drivers/serial/libdrivers__serial.a(uart_renesas_ra.c.obj)
                0x000000000000b8d8                __device_dts_ord_45
                0x000000000000b8ec                _device_list_end = .

initlevel_error
                0x000000000000b854        0x0
 *(SORT_BY_NAME(SORT_BY_ALIGNMENT(.z_init_[_A-Z0-9]*)))
                0x0000000000000001                ASSERT ((SIZEOF (initlevel_error) == 0x0), Undefined initialization levels used.)

app_shmem_regions
                0x000000000000b8ec        0x0
                0x000000000000b8ec                __app_shmem_regions_start = .
 *(SORT_BY_NAME(SORT_BY_ALIGNMENT(.app_regions.*)))
                0x000000000000b8ec                __app_shmem_regions_end = .

k_p4wq_initparam_area
                0x000000000000b8ec        0x0
                0x000000000000b8ec                _k_p4wq_initparam_list_start = .
 *(SORT_BY_NAME(SORT_BY_ALIGNMENT(._k_p4wq_initparam.static.*)))
                0x000000000000b8ec                _k_p4wq_initparam_list_end = .

_static_thread_data_area
                0x000000000000b8ec        0x0
                0x000000000000b8ec                __static_thread_data_list_start = .
 *(SORT_BY_NAME(SORT_BY_ALIGNMENT(.__static_thread_data.static.*)))
                0x000000000000b8ec                __static_thread_data_list_end = .

device_deps     0x000000000000b8ec        0x0
                0x000000000000b8ec                __device_deps_start = .
 *(SORT_BY_NAME(SORT_BY_ALIGNMENT(.__device_deps_pass2*)))
                0x000000000000b8ec                __device_deps_end = .

ztest           0x000000000000b8ec        0x0
                0x000000000000b8ec                _ztest_expected_result_entry_list_start = .
 *(SORT_BY_NAME(SORT_BY_ALIGNMENT(._ztest_expected_result_entry.static.*)))
                0x000000000000b8ec                _ztest_expected_result_entry_list_end = .
                0x000000000000b8ec                _ztest_suite_node_list_start = .
 *(SORT_BY_NAME(SORT_BY_ALIGNMENT(._ztest_suite_node.static.*)))
                0x000000000000b8ec                _ztest_suite_node_list_end = .
                0x000000000000b8ec                _ztest_unit_test_list_start = .
 *(SORT_BY_NAME(SORT_BY_ALIGNMENT(._ztest_unit_test.static.*)))
                0x000000000000b8ec                _ztest_unit_test_list_end = .
                0x000000000000b8ec                _ztest_test_rule_list_start = .
 *(SORT_BY_NAME(SORT_BY_ALIGNMENT(._ztest_test_rule.static.*)))
                0x000000000000b8ec                _ztest_test_rule_list_end = .

init_array      0x000000000000b8ec        0x0
 *(SORT_BY_NAME(SORT_BY_ALIGNMENT(.ctors*)))
 *(SORT_BY_NAME(SORT_BY_ALIGNMENT(.init_array*)))
                0x0000000000000001                ASSERT ((SIZEOF (init_array) == 0x0), GNU-style constructors required but STATIC_INIT_GNU not enabled)

bt_l2cap_fixed_chan_area
                0x000000000000b8ec        0x0
                0x000000000000b8ec                _bt_l2cap_fixed_chan_list_start = .
 *(SORT_BY_NAME(SORT_BY_ALIGNMENT(._bt_l2cap_fixed_chan.static.*)))
                0x000000000000b8ec                _bt_l2cap_fixed_chan_list_end = .

bt_gatt_service_static_area
                0x000000000000b8ec        0x0
                0x000000000000b8ec                _bt_gatt_service_static_list_start = .
 *(SORT_BY_NAME(SORT_BY_ALIGNMENT(._bt_gatt_service_static.static.*)))
                0x000000000000b8ec                _bt_gatt_service_static_list_end = .

log_strings_area
                0x000000000000b8ec        0x0
                0x000000000000b8ec                _log_strings_list_start = .
 *(SORT_BY_NAME(SORT_BY_ALIGNMENT(._log_strings.static.*)))
                0x000000000000b8ec                _log_strings_list_end = .

log_const_area  0x000000000000b8ec        0x0
                0x000000000000b8ec                _log_const_list_start = .
 *(SORT_BY_NAME(SORT_BY_ALIGNMENT(._log_const.static.*)))
                0x000000000000b8ec                _log_const_list_end = .

log_backend_area
                0x000000000000b8ec        0x0
                0x000000000000b8ec                _log_backend_list_start = .
 *(SORT_BY_NAME(SORT_BY_ALIGNMENT(._log_backend.static.*)))
                0x000000000000b8ec                _log_backend_list_end = .

log_link_area   0x000000000000b8ec        0x0
                0x000000000000b8ec                _log_link_list_start = .
 *(SORT_BY_NAME(SORT_BY_ALIGNMENT(._log_link.static.*)))
                0x000000000000b8ec                _log_link_list_end = .

tracing_backend_area
                0x000000000000b8ec        0x0
                0x000000000000b8ec                _tracing_backend_list_start = .
 *(SORT_BY_NAME(SORT_BY_ALIGNMENT(._tracing_backend.static.*)))
                0x000000000000b8ec                _tracing_backend_list_end = .

zephyr_dbg_info
                0x000000000000b8ec       0x44
 *(SORT_BY_ALIGNMENT(.dbg_thread_info))
 .dbg_thread_info
                0x000000000000b8ec       0x44 zephyr/libzephyr.a(thread_info.c.obj)
                0x000000000000b8ec                _kernel_openocd_size_t_size
                0x000000000000b8ec                _kernel_thread_info_size_t_size
                0x000000000000b8f0                _kernel_thread_info_num_offsets
                0x000000000000b8f0                _kernel_openocd_num_offsets
                0x000000000000b8f4                _kernel_thread_info_offsets
                0x000000000000b8f4                _kernel_openocd_offsets

intc_table_area
                0x000000000000b930        0x0
                0x000000000000b930                _intc_table_list_start = .
 *(SORT_BY_NAME(SORT_BY_ALIGNMENT(._intc_table.static.*)))
                0x000000000000b930                _intc_table_list_end = .

symbol_to_keep  0x000000000000b930        0x0
                0x000000000000b930                __symbol_to_keep_start = .
 *(SORT_BY_NAME(SORT_BY_ALIGNMENT(.symbol_to_keep*)))
                0x000000000000b930                __symbol_to_keep_end = .

shell_area      0x000000000000b930       0x2c
                0x000000000000b930                _shell_list_start = .
 *(SORT_BY_NAME(SORT_BY_ALIGNMENT(._shell.static.*)))
 ._shell.static.shell_uart_
                0x000000000000b930       0x2c zephyr/libzephyr.a(shell_uart.c.obj)
                0x000000000000b95c                _shell_list_end = .

shell_root_cmds_area
                0x000000000000b95c       0x28
                0x000000000000b95c                _shell_root_cmds_list_start = .
 *(SORT_BY_NAME(SORT_BY_ALIGNMENT(._shell_root_cmds.static.*)))
 ._shell_root_cmds.static.shell_cmd_clear_
                0x000000000000b95c        0x4 zephyr/libzephyr.a(shell_cmds.c.obj)
 ._shell_root_cmds.static.shell_cmd_device_
                0x000000000000b960        0x4 zephyr/libzephyr.a(device_service.c.obj)
 ._shell_root_cmds.static.shell_cmd_devmem_
                0x000000000000b964        0x4 zephyr/libzephyr.a(devmem_service.c.obj)
 ._shell_root_cmds.static.shell_cmd_help_
                0x000000000000b968        0x4 zephyr/libzephyr.a(shell.c.obj)
 ._shell_root_cmds.static.shell_cmd_history_
                0x000000000000b96c        0x4 zephyr/libzephyr.a(shell_cmds.c.obj)
 ._shell_root_cmds.static.shell_cmd_kernel_
                0x000000000000b970        0x4 zephyr/libzephyr.a(kernel_service.c.obj)
 ._shell_root_cmds.static.shell_cmd_rem_
                0x000000000000b974        0x4 zephyr/libzephyr.a(shell_cmds.c.obj)
 ._shell_root_cmds.static.shell_cmd_resize_
                0x000000000000b978        0x4 zephyr/libzephyr.a(shell_cmds.c.obj)
 ._shell_root_cmds.static.shell_cmd_retval_
                0x000000000000b97c        0x4 zephyr/libzephyr.a(shell_cmds.c.obj)
 ._shell_root_cmds.static.shell_cmd_shell_
                0x000000000000b980        0x4 zephyr/libzephyr.a(shell_cmds.c.obj)
                0x000000000000b984                _shell_root_cmds_list_end = .

shell_subcmds_area
                0x000000000000b984       0x14
                0x000000000000b984                _shell_subcmds_list_start = .
 *(SORT_BY_NAME(SORT_BY_ALIGNMENT(._shell_subcmds.static.*)))
 ._shell_subcmds.static._999_
                0x000000000000b984       0x14 zephyr/libzephyr.a(shell_utils.c.obj)
                0x000000000000b998                _shell_subcmds_list_end = .

shell_dynamic_subcmds_area
                0x000000000000b998        0x0
                0x000000000000b998                _shell_dynamic_subcmds_list_start = .
 *(SORT_BY_NAME(SORT_BY_ALIGNMENT(._shell_dynamic_subcmds.static.*)))
                0x000000000000b998                _shell_dynamic_subcmds_list_end = .

cfb_font_area   0x000000000000b998        0x0
                0x000000000000b998                _cfb_font_list_start = .
 *(SORT_BY_NAME(SORT_BY_ALIGNMENT(._cfb_font.static.*)))
                0x000000000000b998                _cfb_font_list_end = .

tdata           0x000000000000b998        0x0
 *(SORT_BY_ALIGNMENT(.tdata) SORT_BY_ALIGNMENT(.tdata.*) SORT_BY_ALIGNMENT(.gnu.linkonce.td.*))

tbss            0x000000000000b998        0x8
 *(SORT_BY_ALIGNMENT(.tbss) SORT_BY_ALIGNMENT(.tbss.*) SORT_BY_ALIGNMENT(.gnu.linkonce.tb.*) SORT_BY_ALIGNMENT(.tcommon))
 .tbss.z_tls_current
                0x000000000000b998        0x4 zephyr/libzephyr.a(thread_entry.c.obj)
                0x000000000000b998                z_tls_current
 .tbss.errno    0x000000000000b99c        0x4 /home/elotro/zephyr-sdk-0.16.8/arm-zephyr-eabi/bin/../lib/gcc/../../picolibc/arm-zephyr-eabi/lib/thumb/v7e-m/nofp/libc.a(libc_errno_errno.c.o)
                0x000000000000b99c                errno
                0x000000000000b998                PROVIDE (__tdata_start = LOADADDR (tdata))
                0x0000000000000001                PROVIDE (__tdata_align = ALIGNOF (tdata))
                0x0000000000000000                PROVIDE (__tdata_size = (((SIZEOF (tdata) + __tdata_align) - 0x1) & ~ ((__tdata_align - 0x1))))
                [!provide]                        PROVIDE (__tdata_end = (__tdata_start + __tdata_size))
                0x0000000000000004                PROVIDE (__tbss_align = ALIGNOF (tbss))
                [!provide]                        PROVIDE (__tbss_start = ADDR (tbss))
                0x0000000000000008                PROVIDE (__tbss_size = (((SIZEOF (tbss) + __tbss_align) - 0x1) & ~ ((__tbss_align - 0x1))))
                [!provide]                        PROVIDE (__tbss_end = (__tbss_start + __tbss_size))
                [!provide]                        PROVIDE (__tls_start = __tdata_start)
                [!provide]                        PROVIDE (__tls_end = __tbss_end)
                [!provide]                        PROVIDE (__tls_size = (__tbss_end - __tdata_start))

rodata          0x000000000000b998     0x15bc
 *(SORT_BY_ALIGNMENT(.rodata))
 .rodata        0x000000000000b998        0x8 zephyr/kernel/libkernel.a(system_work_q.c.obj)
 .rodata        0x000000000000b9a0       0x10 zephyr/libzephyr.a(shell.c.obj)
 .rodata        0x000000000000b9b0       0x12 zephyr/libzephyr.a(shell_ops.c.obj)
 .rodata        0x000000000000b9c2       0x1a zephyr/libzephyr.a(shell_cmds.c.obj)
 *(SORT_BY_ALIGNMENT(.rodata.*))
 .rodata._shell_kernel
                0x000000000000b9dc       0x14 zephyr/libzephyr.a(kernel_service.c.obj)
 .rodata.sub_kernel
                0x000000000000b9f0        0x4 zephyr/libzephyr.a(kernel_service.c.obj)
 .rodata.shell_sub_kernel
                0x000000000000b9f4       0x8c zephyr/libzephyr.a(kernel_service.c.obj)
 .rodata._shell_device
                0x000000000000ba80       0x14 zephyr/libzephyr.a(device_service.c.obj)
 .rodata.sub_device
                0x000000000000ba94        0x4 zephyr/libzephyr.a(device_service.c.obj)
 .rodata.shell_sub_device
                0x000000000000ba98       0x28 zephyr/libzephyr.a(device_service.c.obj)
 .rodata._shell_devmem
                0x000000000000bac0       0x14 zephyr/libzephyr.a(devmem_service.c.obj)
 .rodata.sub_devmem
                0x000000000000bad4        0x4 zephyr/libzephyr.a(devmem_service.c.obj)
 .rodata.shell_sub_devmem
                0x000000000000bad8       0x3c zephyr/libzephyr.a(devmem_service.c.obj)
 .rodata.cfg_flags.0
                0x000000000000bb14        0x4 zephyr/libzephyr.a(shell_uart.c.obj)
 .rodata.shell_uart_fprintf
                0x000000000000bb18       0x14 zephyr/libzephyr.a(shell_uart.c.obj)
 .rodata.shell_uart_transport_api
                0x000000000000bb2c       0x18 zephyr/libzephyr.a(shell_uart.c.obj)
                0x000000000000bb2c                shell_uart_transport_api
 .rodata._shell_help
                0x000000000000bb44       0x14 zephyr/libzephyr.a(shell.c.obj)
 .rodata._shell_retval
                0x000000000000bb58       0x14 zephyr/libzephyr.a(shell_cmds.c.obj)
 .rodata._shell_resize
                0x000000000000bb6c       0x14 zephyr/libzephyr.a(shell_cmds.c.obj)
 .rodata._shell_history
                0x000000000000bb80       0x14 zephyr/libzephyr.a(shell_cmds.c.obj)
 .rodata._shell_shell
                0x000000000000bb94       0x14 zephyr/libzephyr.a(shell_cmds.c.obj)
 .rodata._shell_clear
                0x000000000000bba8       0x14 zephyr/libzephyr.a(shell_cmds.c.obj)
 .rodata._shell_rem
                0x000000000000bbbc       0x14 zephyr/libzephyr.a(shell_cmds.c.obj)
 .rodata.m_sub_resize
                0x000000000000bbd0        0x4 zephyr/libzephyr.a(shell_cmds.c.obj)
 .rodata.shell_m_sub_resize
                0x000000000000bbd4       0x28 zephyr/libzephyr.a(shell_cmds.c.obj)
 .rodata.m_sub_shell
                0x000000000000bbfc        0x4 zephyr/libzephyr.a(shell_cmds.c.obj)
 .rodata.shell_m_sub_shell
                0x000000000000bc00       0xa0 zephyr/libzephyr.a(shell_cmds.c.obj)
 .rodata.m_sub_backspace_mode
                0x000000000000bca0        0x4 zephyr/libzephyr.a(shell_cmds.c.obj)
 .rodata.shell_m_sub_backspace_mode
                0x000000000000bca4       0x3c zephyr/libzephyr.a(shell_cmds.c.obj)
 .rodata.m_sub_shell_stats
                0x000000000000bce0        0x4 zephyr/libzephyr.a(shell_cmds.c.obj)
 .rodata.shell_m_sub_shell_stats
                0x000000000000bce4       0x3c zephyr/libzephyr.a(shell_cmds.c.obj)
 .rodata.m_sub_echo
                0x000000000000bd20        0x4 zephyr/libzephyr.a(shell_cmds.c.obj)
 .rodata.shell_m_sub_echo
                0x000000000000bd24       0x3c zephyr/libzephyr.a(shell_cmds.c.obj)
 .rodata.m_sub_prompt
                0x000000000000bd60        0x4 zephyr/libzephyr.a(shell_cmds.c.obj)
 .rodata.shell_m_sub_prompt
                0x000000000000bd64       0x3c zephyr/libzephyr.a(shell_cmds.c.obj)
 .rodata.m_sub_vt100
                0x000000000000bda0        0x4 zephyr/libzephyr.a(shell_cmds.c.obj)
 .rodata.shell_m_sub_vt100
                0x000000000000bda4       0x3c zephyr/libzephyr.a(shell_cmds.c.obj)
 .rodata.m_sub_colors
                0x000000000000bde0        0x4 zephyr/libzephyr.a(shell_cmds.c.obj)
 .rodata.shell_m_sub_colors
                0x000000000000bde4       0x3c zephyr/libzephyr.a(shell_cmds.c.obj)
 .rodata.stdout
                0x000000000000be20        0x4 zephyr/lib/libc/picolibc/liblib__libc__picolibc.a(libc-hooks.c.obj)
                0x000000000000be20                stdout
                0x000000000000be20                stderr
 .rodata.ra_clock_control_driver_api
                0x000000000000be24       0x1c zephyr/drivers/clock_control/libdrivers__clock_control.a(clock_control_renesas_ra.c.obj)
 .rodata.clock_freqs
                0x000000000000be40       0x18 zephyr/drivers/clock_control/libdrivers__clock_control.a(clock_control_renesas_ra.c.obj)
 .rodata.gpio_ra_driver_api
                0x000000000000be58       0x28 zephyr/drivers/gpio/libdrivers__gpio.a(gpio_renesas_ra.c.obj)
 .rodata.uart_ra_cfg_0
                0x000000000000be80       0x14 zephyr/drivers/serial/libdrivers__serial.a(uart_renesas_ra.c.obj)
 .rodata.__pinctrl_dev_config__device_dts_ord_44
                0x000000000000be94        0x8 zephyr/drivers/serial/libdrivers__serial.a(uart_renesas_ra.c.obj)
 .rodata.__pinctrl_states__device_dts_ord_44
                0x000000000000be9c        0x8 zephyr/drivers/serial/libdrivers__serial.a(uart_renesas_ra.c.obj)
 .rodata.__pinctrl_state_pins_0__device_dts_ord_44
                0x000000000000bea4        0x8 zephyr/drivers/serial/libdrivers__serial.a(uart_renesas_ra.c.obj)
 .rodata.uart_ra_driver_api
                0x000000000000beac       0x4c zephyr/drivers/serial/libdrivers__serial.a(uart_renesas_ra.c.obj)
 .rodata.levels.0
                0x000000000000bef8       0x18 zephyr/kernel/libkernel.a(init.c.obj)
 .rodata.state_string.0
                0x000000000000bf10       0x40 zephyr/kernel/libkernel.a(thread.c.obj)
 .rodata.main.str1.1
                0x000000000000bf50       0x16 app/libapp.a(main.c.obj)
 .rodata.cmd_kernel_version.str1.1
                0x000000000000bf66       0x1a zephyr/libzephyr.a(kernel_service.c.obj)
 .rodata.cmd_kernel_uptime.str1.1
                0x000000000000bf80       0x82 zephyr/libzephyr.a(kernel_service.c.obj)
 .rodata.cmd_kernel_threads.str1.1
                0x000000000000c002       0x29 zephyr/libzephyr.a(kernel_service.c.obj)
 .rodata.shell_tdata_dump.str1.1
                0x000000000000c02b       0xb6 zephyr/libzephyr.a(kernel_service.c.obj)
                                         0xba (size before relaxing)
 .rodata.cmd_kernel_stacks.str1.1
                0x000000000000c0e1       0x49 zephyr/libzephyr.a(kernel_service.c.obj)
 .rodata.cmd_kernel_cycles.str1.1
                0x000000000000c12a       0x16 zephyr/libzephyr.a(kernel_service.c.obj)
 .rodata.cmd_kernel_sleep.str1.1
                0x000000000000c140       0x20 zephyr/libzephyr.a(kernel_service.c.obj)
 .rodata.shell_stack_dump.str1.1
                0x000000000000c160       0x43 zephyr/libzephyr.a(kernel_service.c.obj)
 .rodata.str1.1
                0x000000000000c1a3       0xd0 zephyr/libzephyr.a(kernel_service.c.obj)
 .rodata.cmd_device_list.str1.1
                0x000000000000c273       0x23 zephyr/libzephyr.a(device_service.c.obj)
                                         0x2a (size before relaxing)
 .rodata.str1.1
                0x000000000000c296       0x34 zephyr/libzephyr.a(device_service.c.obj)
 .rodata.cmd_devmem.str1.1
                0x000000000000c2ca       0x50 zephyr/libzephyr.a(devmem_service.c.obj)
 .rodata.cmd_dump.str1.1
                0x000000000000c31a       0x78 zephyr/libzephyr.a(devmem_service.c.obj)
 .rodata.set_bypass.isra.0.str1.1
                0x000000000000c392       0x65 zephyr/libzephyr.a(devmem_service.c.obj)
 .rodata.bypass_cb.str1.1
                0x000000000000c3f7       0x1a zephyr/libzephyr.a(devmem_service.c.obj)
 .rodata.cmd_load.str1.1
                0x000000000000c411       0x1b zephyr/libzephyr.a(devmem_service.c.obj)
 .rodata.str1.1
                0x000000000000c42c      0x14c zephyr/libzephyr.a(devmem_service.c.obj)
 .rodata.str1.1
                0x000000000000c578       0x14 zephyr/libzephyr.a(shell_uart.c.obj)
 .rodata.shell_internal_help_print.str1.1
                0x000000000000c58c        0xe zephyr/libzephyr.a(shell.c.obj)
 .rodata.z_cursor_next_line_move.isra.0.str1.1
                0x000000000000c59a        0xe zephyr/libzephyr.a(shell.c.obj)
                                          0x2 (size before relaxing)
 .rodata.execute.str1.1
                0x000000000000c59a       0xb4 zephyr/libzephyr.a(shell.c.obj)
                                         0xbe (size before relaxing)
 .rodata.state_set.constprop.0.str1.1
                0x000000000000c64e       0x44 zephyr/libzephyr.a(shell.c.obj)
                                         0x47 (size before relaxing)
 .rodata.shell_process.str1.1
                0x000000000000c692        0x6 zephyr/libzephyr.a(shell.c.obj)
                                          0x9 (size before relaxing)
 .rodata.shell_start.str1.1
                0x000000000000c698        0x6 zephyr/libzephyr.a(shell.c.obj)
                                          0x3 (size before relaxing)
 .rodata.shell_thread.str1.1
                0x000000000000c698       0x17 zephyr/libzephyr.a(shell.c.obj)
 .rodata.cmd_help.str1.1
                0x000000000000c6af      0x1a1 zephyr/libzephyr.a(shell.c.obj)
 .rodata.shell_hexdump_line.str1.1